12-27 18:00:24.538   556   556 V APM_AudioPolicyManager: output 0 isDuplicated=0 device=212047f
12-27 18:00:24.538   556   556 V APM_AudioPolicyManager: getOutputsForDevice() found output 13
12-27 18:00:24.538   556   556 V APM_AudioPolicyManager: output 1 isDuplicated=0 device=202047f
12-27 18:00:24.538   556   556 V APM_AudioPolicyManager: getOutputsForDevice() found output 21
12-27 18:00:24.538   556   556 V APM_AudioPolicyManager: output 2 isDuplicated=0 device=202047f
12-27 18:00:24.538   556   556 V APM_AudioPolicyManager: getOutputsForDevice() found output 29
12-27 18:00:24.538   556   556 V APM_AudioPolicyManager: output 3 isDuplicated=0 device=10000
12-27 18:00:24.538   556   556 V APM_AudioPolicyManager: selectOutput() commonFlags for output 13, 0000
12-27 18:00:24.538   556   556 V APM_AudioPolicyManager: selectOutput() commonFlags for output 21, 0000
12-27 18:00:24.538   556   556 V APM_AudioPolicyManager: selectOutput() commonFlags for output 29, 0000
12-27 18:00:24.538   556   556 V APM_AudioPolicyManager: getOutput() stream 3 selected device 00000002, output 13
12-27 18:00:24.539   556   556 V AudioPolicyIntefaceImpl: getOutput()
12-27 18:00:24.539   556   556 V APM::AudioPolicyEngine: getDeviceForStrategy() strategy 0, device 2
12-27 18:00:24.539   556   556 V APM_AudioPolicyManager: getOutputsForDevice() device 0002
12-27 18:00:24.539   556   556 V APM_AudioPolicyManager: output 0 isDuplicated=0 device=212047f
12-27 18:00:24.539   556   556 V APM_AudioPolicyManager: getOutputsForDevice() found output 13
12-27 18:00:24.539   556   556 V APM_AudioPolicyManager: output 1 isDuplicated=0 device=202047f
12-27 18:00:24.539   556   556 V APM_AudioPolicyManager: getOutputsForDevice() found output 21
12-27 18:00:24.539   556   556 V APM_AudioPolicyManager: output 2 isDuplicated=0 device=202047f
12-27 18:00:24.539   556   556 V APM_AudioPolicyManager: getOutputsForDevice() found output 29
12-27 18:00:24.539   556   556 V APM_AudioPolicyManager: output 3 isDuplicated=0 device=10000
12-27 18:00:24.539   556   556 V APM_AudioPolicyManager: selectOutput() commonFlags for output 13, 0000
12-27 18:00:24.539   556   556 V APM_AudioPolicyManager: selectOutput() commonFlags for output 21, 0000
12-27 18:00:24.539   556   556 V APM_AudioPolicyManager: selectOutput() commonFlags for output 29, 0000
12-27 18:00:24.539   556   556 V APM_AudioPolicyManager: getOutput() stream 3 selected device 00000002, output 13
12-27 18:00:24.539   556   794 V AudioPolicyIntefaceImpl: getOutputForAttr()
12-27 18:00:24.539   556   794 V APM_AudioPolicyManager: getOutputForAttr() usage=1, content=2, tag= flags=00000000 session 121 selectedDeviceId 0
12-27 18:00:24.539   556   794 V APM::AudioPolicyEngine: getDeviceForStrategy() strategy 0, device 2
12-27 18:00:24.539   556   794 V APM_AudioPolicyManager: getOutputForAttr() device 0x2, sampling rate 8000, format 0x1, channel mask 0x1, flags 0x2
12-27 18:00:24.539   556   794 V APM_AudioPolicyManager: getOutputsForDevice() device 0002
12-27 18:00:24.540   556   794 V APM_AudioPolicyManager: output 0 isDuplicated=0 device=212047f
12-27 18:00:24.540   556   794 V APM_AudioPolicyManager: getOutputsForDevice() found output 13
12-27 18:00:24.540   556   794 V APM_AudioPolicyManager: output 1 isDuplicated=0 device=202047f
12-27 18:00:24.540   556   794 V APM_AudioPolicyManager: getOutputsForDevice() found output 21
12-27 18:00:24.540   556   794 V APM_AudioPolicyManager: output 2 isDuplicated=0 device=202047f
12-27 18:00:24.540   556   794 V APM_AudioPolicyManager: getOutputsForDevice() found output 29
12-27 18:00:24.540   556   794 V APM_AudioPolicyManager: output 3 isDuplicated=0 device=10000
12-27 18:00:24.540   556   794 V APM_AudioPolicyManager: selectOutput() commonFlags for output 13, 0001
12-27 18:00:24.540   556   794 V APM_AudioPolicyManager:   getOutputForAttr() returns output 13 selectedDeviceId 3
12-27 18:00:24.540   556   794 V AudioFlinger: createTrack() sessionId: 121
12-27 18:00:24.541   556   793 V APM_AudioPolicyManager: listAudioPorts() role 0 type 0 num_ports 0 ports 0xed00c300
12-27 18:00:24.541   556   793 V APM_AudioPolicyManager: listAudioPorts() got 0 ports needed 12
12-27 18:00:24.542   556   794 D AudioFlinger: Client defaulted notificationFrames to 1333 for frameCount 4000
12-27 18:00:24.542   556   793 V APM_AudioPolicyManager: listAudioPorts() role 0 type 0 num_ports 12 ports 0xebae3500
12-27 18:00:24.543   556   793 V APM_AudioPolicyManager: listAudioPorts() got 12 ports needed 12
12-27 18:00:24.544   556   793 V AudioFlinger: acquiring 121 from 854, for 5873
12-27 18:00:24.544   556   793 V AudioFlinger:  added new entry for 121
12-27 18:00:24.544   556   794 V AudioFlinger: start(3), calling pid 854 session 121
12-27 18:00:24.544   556   794 V AudioFlinger: ? => ACTIVE (3) on thread 0xed03fc80
12-27 18:00:24.544   556   794 V AudioPolicyIntefaceImpl: startOutput()
12-27 18:00:24.544   556   794 V AudioPolicyService: AudioCommandThread() adding start output 13
12-27 18:00:24.544   556   794 V AudioPolicyService: inserting command: 5 at index 0, num commands 0
12-27 18:00:24.544   556   790 V AudioPolicyService: AudioCommandThread() processing start output 13
12-27 18:00:24.544   556   790 V AudioPolicyIntefaceImpl: doStartOutput()
12-27 18:00:24.545   556   790 V APM_AudioPolicyManager: startOutput() output 13, stream 3, session 121
12-27 18:00:24.545   556   790 V APM::AudioPolicyEngine: getDeviceForStrategy() strategy 0, device 2
12-27 18:00:24.545   556   790 V APM_AudioPolicyManager: getOutputsForDevice() device 0002
12-27 18:00:24.545   556   790 V APM_AudioPolicyManager: output 0 isDuplicated=0 device=212047f
12-27 18:00:24.545   556   790 V APM_AudioPolicyManager: getOutputsForDevice() found output 13
12-27 18:00:24.545   556   790 V APM_AudioPolicyManager: output 1 isDuplicated=0 device=202047f
12-27 18:00:24.545   556   790 V APM_AudioPolicyManager: getOutputsForDevice() found output 21
12-27 18:00:24.545   556   790 V APM_AudioPolicyManager: output 2 isDuplicated=0 device=202047f
12-27 18:00:24.545   556   790 V APM_AudioPolicyManager: getOutputsForDevice() found output 29
12-27 18:00:24.545   556   790 V APM_AudioPolicyManager: output 3 isDuplicated=0 device=10000
12-27 18:00:24.545   556   790 V APM_AudioPolicyManager: selectOutputForMusicEffects activeOnly 1 output 13 flags 0x00000006
12-27 18:00:24.545   556   790 V APM_AudioPolicyManager: selectOutputForMusicEffects selected output 13
12-27 18:00:24.545   556   790 V APM::AudioPolicyEngine: getDeviceForStrategy() strategy 0, device 2
12-27 18:00:24.545   556   790 V APM_AudioPolicyManager: getNewOutputDevice() selected device 2
12-27 18:00:24.545   556   790 V APM_AudioPolicyManager: setOutputDevice() device 0002 delayMs 0
12-27 18:00:24.545   556   790 V APM_AudioPolicyManager: setOutputDevice() prevDevice 0x0002
12-27 18:00:24.545   556   790 V APM::AudioPolicyEngine: getDeviceForStrategy() strategy 0, device 2
12-27 18:00:24.545   556   790 V APM::AudioPolicyEngine: getDeviceForStrategy() strategy 1, device 1
12-27 18:00:24.545   556   790 V APM::AudioPolicyEngine: getDeviceForStrategy() strategy 2, device 2
12-27 18:00:24.545   556   790 V APM::AudioPolicyEngine: getDeviceForStrategy() strategy 0, device 2
12-27 18:00:24.545   556   790 V APM::AudioPolicyEngine: getDeviceForStrategy() strategy 3, device 2
12-27 18:00:24.545   556   790 V APM::AudioPolicyEngine: getDeviceForStrategy() strategy 0, device 2
12-27 18:00:24.545   556   790 V APM::AudioPolicyEngine: getDeviceForStrategy() strategy 4, device 2
12-27 18:00:24.545   556   790 V APM::AudioPolicyEngine: getDeviceForStrategy() strategy 5, device 2
12-27 18:00:24.545   556   790 V APM::AudioPolicyEngine: getDeviceForStrategy() strategy 6, device 2
12-27 18:00:24.545   556   790 V APM::AudioPolicyEngine: getDeviceForStrategy() strategy 7, device 2
12-27 18:00:24.545   556   790 V APM::AudioPolicyEngine: getDeviceForStrategy() strategy 8, device 2
12-27 18:00:24.545   556   790 V APM_AudioPolicyManager: setOutputDevice() setting same device 0x0002 or null device
12-27 18:00:24.545   556   790 D AudioPolicyManagerCustom: NINE checkAndSetVolume volumeDb = 0.000000
12-27 18:00:24.545   556   790 D AudioPolicyManagerCustom: NINE checkAndSetVolume before setVolume device=2 stream=3 index=15 delayMs = 0 force = 0
12-27 18:00:24.545   556   790 V AudioPolicyService: AudioCommandThread() adding set volume stream 3, volume 1.000000, output 13
12-27 18:00:24.545   556   790 V AudioPolicyService: inserting command: 2 at index 0, num commands 0
12-27 18:00:24.546   556   789 V AudioPolicyService: AudioCommandThread() processing set volume stream 3,                             volume 1.000000, output 13
12-27 18:00:24.546   556   789 V AudioPolicyService: AudioCommandThread() going to sleep
12-27 18:00:24.546   556   790 V APM_AudioPolicyManager: getDeviceForStrategy() from cache strategy 3, device 2
12-27 18:00:24.546   556   790 V APM::AudioPolicyEngine: getDeviceForStrategy() strategy 0, device 2
12-27 18:00:24.546   556   790 V APM::AudioPolicyEngine: getDeviceForStrategy() strategy 3, device 2
12-27 18:00:24.546   556   790 V APM_AudioPolicyManager: getOutputsForDevice() device 0002
12-27 18:00:24.546   556   790 V APM_AudioPolicyManager: output 0 isDuplicated=0 device=212047f
12-27 18:00:24.546   556   790 V APM_AudioPolicyManager: getOutputsForDevice() found output 13
12-27 18:00:24.546   556   790 V APM_AudioPolicyManager: output 1 isDuplicated=0 device=202047f
12-27 18:00:24.546   556   790 V APM_AudioPolicyManager: getOutputsForDevice() found output 21
12-27 18:00:24.546   556   790 V APM_AudioPolicyManager: output 2 isDuplicated=0 device=202047f
12-27 18:00:24.546   556   790 V APM_AudioPolicyManager: getOutputsForDevice() found output 29
12-27 18:00:24.546   556   790 V APM_AudioPolicyManager: output 3 isDuplicated=0 device=10000
12-27 18:00:24.546   556   790 V APM_AudioPolicyManager: getOutputsForDevice() device 0002
12-27 18:00:24.546   556   790 V APM_AudioPolicyManager: output 0 isDuplicated=0 device=212047f
12-27 18:00:24.546   556   790 V APM_AudioPolicyManager: getOutputsForDevice() found output 13
12-27 18:00:24.546   556   790 V APM_AudioPolicyManager: output 1 isDuplicated=0 device=202047f
12-27 18:00:24.546   556   790 V APM_AudioPolicyManager: getOutputsForDevice() found output 21
12-27 18:00:24.546   556   790 V APM_AudioPolicyManager: output 2 isDuplicated=0 device=202047f
12-27 18:00:24.546   556   790 V APM_AudioPolicyManager: getOutputsForDevice() found output 29
12-27 18:00:24.546   556   790 V APM_AudioPolicyManager: output 3 isDuplicated=0 device=10000
12-27 18:00:24.546   556   790 V APM::AudioPolicyEngine: getDeviceForStrategy() strategy 0, device 2
12-27 18:00:24.546   556   790 V APM::AudioPolicyEngine: getDeviceForStrategy() strategy 1, device 1
12-27 18:00:24.546   556   790 V APM::AudioPolicyEngine: getDeviceForStrategy() strategy 2, device 2
12-27 18:00:24.546   556   790 V APM::AudioPolicyEngine: getDeviceForStrategy() strategy 0, device 2
12-27 18:00:24.546   556   790 V APM::AudioPolicyEngine: getDeviceForStrategy() strategy 3, device 2
12-27 18:00:24.546   556   790 V APM::AudioPolicyEngine: getDeviceForStrategy() strategy 0, device 2
12-27 18:00:24.546   556   790 V APM::AudioPolicyEngine: getDeviceForStrategy() strategy 4, device 2
12-27 18:00:24.546   556   790 V APM::AudioPolicyEngine: getDeviceForStrategy() strategy 5, device 2
12-27 18:00:24.546   556   790 V APM::AudioPolicyEngine: getDeviceForStrategy() strategy 6, device 2
12-27 18:00:24.547   556   790 V APM::AudioPolicyEngine: getDeviceForStrategy() strategy 7, device 2
12-27 18:00:24.547   556   790 V APM::AudioPolicyEngine: getDeviceForStrategy() strategy 8, device 2
12-27 18:00:24.547   556   790 V AudioPolicyService: AudioCommandThread() going to sleep
12-27 18:00:24.547   556   793 V APM_AudioPolicyManager: listAudioPorts() role 0 type 0 num_ports 0 ports 0xed00c2f8
12-27 18:00:24.547   556   793 V APM_AudioPolicyManager: listAudioPorts() got 0 ports needed 12
12-27 18:00:24.547   854  6771 D NuPlayerDriver: notifyListener_l(0xf3ffe180), (6, 0, 0, -1), loop setting(0, 0)
12-27 18:00:24.549   556   793 V APM_AudioPolicyManager: listAudioPorts() role 0 type 0 num_ports 12 ports 0xebae3200
12-27 18:00:24.549   518  3073 D audio_hw_primary: start_output_stream: enter: stream(0xf0822000)usecase(1: low-latency-playback) devices(0x2)
12-27 18:00:24.549   556   793 V APM_AudioPolicyManager: listAudioPorts() got 12 ports needed 12
12-27 18:00:24.550   518  3073 D audio_hw_primary: select_devices for use case (low-latency-playback)
12-27 18:00:24.550   518  3073 D audio_hw_primary: select_devices: out_snd_device(2: speaker) in_snd_device(0: )
12-27 18:00:24.550   518  3073 I msm8916_platform: platform_check_and_set_codec_backend_cfg:becf: afe: bitwidth 16, samplerate 48000 channels 2, backend_idx 0 usecase = 1 device (speaker)
12-27 18:00:24.550   518  3073 D msm8916_platform: platform_split_snd_device: snd_device(2) num devices(1) new_snd_devices(0)
12-27 18:00:24.550   518  3073 I msm8916_platform: platform_check_and_set_codec_backend_cfg: becf: new_snd_devices[0] is speaker
12-27 18:00:24.550   556  3198 V APM_AudioPolicyManager: listAudioPorts() role 0 type 0 num_ports 0 ports 0xed00c2f8
12-27 18:00:24.550   518  3073 I msm8916_platform: platform_check_codec_backend_cfg:becf: afe: Codec selected backend: 0 current bit width: 16 sample rate: 48000 channels: 2 usecase 1 device (speaker)
12-27 18:00:24.550   518  3073 D msm8916_platform: platform_check_codec_backend_cfg:becf: afe: playback on codec device not supporting native playback set default Sample Rate(48k)
12-27 18:00:24.550   556  3198 V APM_AudioPolicyManager: listAudioPorts() got 0 ports needed 12
12-27 18:00:24.550   518  3073 D msm8916_platform: platform_check_codec_backend_cfg:becf: afe: only 48KHZ sample rate is supported Configure afe to default Sample Rate(48k)
12-27 18:00:24.550   518  3073 I msm8916_platform: platform_check_codec_backend_cfg:becf: afe: Codec selected backend: 0 updated bit width: 16 sample rate: 48000 channels: 2
12-27 18:00:24.550   518  3073 D audio_hw_primary: check_usecases_codec_backend:becf: force routing 0
12-27 18:00:24.550   518  3073 E msm8916_platform: platform_check_backends_match: Invalid snd_device = 
12-27 18:00:24.550   518  3073 D audio_hw_primary: check_usecases_codec_backend:becf: (63) check_usecases curr device: speaker, usecase device: backends match 0
12-27 18:00:24.550   518  3073 D audio_hw_primary: check_usecases_codec_backend:becf: check_usecases num.of Usecases to switch 0
12-27 18:00:24.550   518  3073 D hardware_info: hw_info_append_hw_type : device_name = speaker
12-27 18:00:24.550   518  3073 D msm8916_platform: platform_split_snd_device: snd_device(2) num devices(0) new_snd_devices(0)
12-27 18:00:24.550   518  3073 D audio_hw_primary: enable_snd_device: snd_device(2: speaker)
12-27 18:00:24.550   518  3073 I soundtrigger: audio_extn_sound_trigger_update_device_status: device 0x2 of type 0 for Event 1, with Raise=0
12-27 18:00:24.550   518  3073 D audio_route: Apply path: speaker
12-27 18:00:24.556   556  3198 V APM_AudioPolicyManager: listAudioPorts() role 0 type 0 num_ports 12 ports 0xebae3b80
12-27 18:00:24.556   556  3198 V APM_AudioPolicyManager: listAudioPorts() got 12 ports needed 12
12-27 18:00:24.561   518  3073 E soundtrigger: audio_extn_sound_trigger_update_stream_status: invalid input device 0x0, for event 3
12-27 18:00:24.561   518  3073 D soundtrigger: audio_extn_sound_trigger_update_stream_status: uc_info->id 1 of type 0 for Event 3, with Raise=0
12-27 18:00:24.561   518  3073 D audio_hw_utils: audio_extn_utils_send_app_type_cfg: usecase->out_snd_device speaker
12-27 18:00:24.561   518  3073 D msm8916_platform: platform_split_snd_device: snd_device(2) num devices(0) new_snd_devices(0)
12-27 18:00:24.561   518  3073 E msm8916_platform: platform_get_snd_device_backend_index: BE DAI Name Table is not present
12-27 18:00:24.561   518  3073 E audio_hw_utils: send_app_type_cfg_for_device: Couldn't get the backend index for snd device speaker ret=-14
12-27 18:00:24.561   518  3073 I audio_hw_utils: send_app_type_cfg_for_device PLAYBACK app_type 69937, acdb_dev_id 14, sample_rate 48000, snd_device_be_idx -14
12-27 18:00:24.562   518  3073 D msm8916_platform: platform_split_snd_device: snd_device(2) num devices(1) new_snd_devices(0)
12-27 18:00:24.562   518  3073 D ACDB-LOADER: ACDB -> send_audio_cal, acdb_id = 14, path = 0, app id = 0x11131, sample rate = 48000
12-27 18:00:24.562   518  3073 D ACDB-LOADER: ACDB -> send_asm_topology
12-27 18:00:24.562   518  3073 D ACDB-LOADER: ACDB -> ACDB_CMD_GET_AUDPROC_STREAM_TOPOLOGY_ID
12-27 18:00:24.562   518  3073 D ACDB-LOADER: ACDB -> send_adm_topology
12-27 18:00:24.562   518  3073 D ACDB-LOADER: ACDB -> ACDB_CMD_GET_AUDPROC_COMMON_TOPOLOGY_ID
12-27 18:00:24.562   518  3073 D ACDB-LOADER: ACDB -> send_audtable
12-27 18:00:24.562   518  3073 D ACDB-LOADER: ACDB -> ACDB_CMD_GET_AUDPROC_COMMON_TABLE_SIZE
12-27 18:00:24.562   518  3073 D ACDB-LOADER: ACDB -> ACDB_CMD_GET_AUDPROC_COMMON_TABLE
12-27 18:00:24.562   518  3073 D ACDB-LOADER: ACDB -> AUDIO_SET_AUDPROC_CAL
12-27 18:00:24.562   518  3073 D ACDB-LOADER: ACDB -> send_audvoltable
12-27 18:00:24.562   518  3073 D ACDB-LOADER: ACDB -> ACDB_CMD_GET_AUDPROC_VOL_STEP_TABLE_SIZE
12-27 18:00:24.562   518  3073 D ACDB-LOADER: ACDB -> ACDB_CMD_GET_AUDPROC_GAIN_DEP_STEP_TABLE, vol index 0
12-27 18:00:24.562   518  3073 D ACDB-LOADER: ACDB -> AUDIO_SET_VOL_CAL cal type = 12
12-27 18:00:24.562   518  3073 D ACDB-LOADER: ACDB -> ACDB_CMD_GET_AUDPROC_STREAM_TABLE_SIZE
12-27 18:00:24.562   518  3073 D ACDB-LOADER: ACDB -> send_audstrmtable
12-27 18:00:24.562   518  3073 D ACDB-LOADER: ACDB -> ACDB_CMD_GET_AUDPROC_STREAM_TABLE_V2
12-27 18:00:24.562   518  3073 D ACDB-LOADER: ACDB -> audstrm_cal->cal_type.cal_data.cal_size = 16
12-27 18:00:24.562   518  3073 D ACDB-LOADER: ACDB -> send_afe_topology
12-27 18:00:24.562   518  3073 D ACDB-LOADER: ACDB -> ACDB_CMD_GET_AFE_TOPOLOGY_ID
12-27 18:00:24.562   518  3073 D ACDB-LOADER: ACDB -> GET_AFE_TOPOLOGY_ID for adcd_id 14, Topology Id 1025e
12-27 18:00:24.562   518  3073 D ACDB-LOADER: ACDB -> send_afe_cal
12-27 18:00:24.562   518  3073 D ACDB-LOADER: ACDB -> ACDB_CMD_GET_AFE_COMMON_TABLE_SIZE
12-27 18:00:24.562   518  3073 D ACDB-LOADER: ACDB -> ACDB_CMD_GET_AFE_COMMON_TABLE
12-27 18:00:24.563   518  3073 D ACDB-LOADER: ACDB -> AUDIO_SET_AFE_CAL
12-27 18:00:24.563   518  3073 D ACDB-LOADER: ACDB -> send_hw_delay : acdb_id = 14 path = 0
12-27 18:00:24.563   518  3073 D ACDB-LOADER: ACDB -> ACDB_AVSYNC_INFO: ACDB_CMD_GET_DEVICE_PROPERTY
12-27 18:00:24.563   518  3073 D audio_hw_primary: enable_audio_route: apply mixer and update path: low-latency-playback
12-27 18:00:24.563   518  3073 D audio_route: Apply path: low-latency-playback
12-27 18:00:24.565   518  3073 D audio_hw_primary: select_devices: done
12-27 18:00:24.581   528   766 D SDM     : DisplayBase::BuildLayerStackStats: LayerStack layer_count: 4, app_layer_count: 3, gpu_target_index: 3, display type: 0
12-27 18:00:24.701   518  3073 D msm8916_platform: platform_set_channel_map mixer_ctl_name:Playback Channel Map12
12-27 18:00:24.701   518  3073 D msm8916_platform: platform_set_channel_map: set mapping(1 2 0 0 0 0 0 0) for channel:2
12-27 18:00:24.702   518  3073 D audio_hw_primary: start_output_stream: exit
12-27 18:00:24.838   854  6771 D NuPlayerDriver: notifyListener_l(0xf3ffe180), (211, 0, 0, 20), loop setting(0, 0)
12-27 18:00:25.683  1679  6173 I ActivityManager: Killing 3798:android.process.acore/u0a48 (adj 906): empty #17
12-27 18:00:25.096   854  6771 D NuPlayerDriver: notifyListener_l(0xf3ffe180), (211, 0, 0, 20), loop setting(0, 0)
12-27 18:00:25.684  1679  1839 W libprocessgroup: kill(-3798, 9) failed: No such process
12-27 18:00:25.732  1679  1839 W libprocessgroup: kill(-3798, 9) failed: No such process
12-27 18:00:25.739   840   840 I Zygote  : Process 3798 exited due to signal (9)
12-27 18:00:25.763   556  3198 V APM_AudioPolicyManager: AudioPolicyManager:setRecordSilenced(uid:10048, silenced:1)
12-27 18:00:25.763   556  3198 V AudioFlinger: AudioFlinger::setRecordSilenced(uid:10048, silenced:1)
12-27 18:00:25.777  1679  1839 W libprocessgroup: kill(-3798, 9) failed: No such process
12-27 18:00:25.777  1679  1839 I libprocessgroup: Successfully killed process cgroup uid 10048 pid 3798 in 93ms
12-27 18:00:25.804   528   766 D SDM     : DisplayBase::BuildLayerStackStats: LayerStack layer_count: 4, app_layer_count: 3, gpu_target_index: 3, display type: 0
12-27 18:00:25.888   528   766 D SDM     : DisplayBase::BuildLayerStackStats: LayerStack layer_count: 4, app_layer_count: 3, gpu_target_index: 3, display type: 0
12-27 18:00:25.890   854  6771 D NuPlayerDriver: notifyListener_l(0xf3ffe180), (211, 0, 0, 20), loop setting(0, 0)
