--------- beginning of main
12-27 18:00:19.072   528   766 D SDM     : DisplayBase::BuildLayerStackStats: LayerStack layer_count: 4, app_layer_count: 3, gpu_target_index: 3, display type: 0
--------- beginning of system
12-27 18:00:19.118  1679  2513 I ActivityManager: START u0 {cmp=com.asusodm.atd.smmitest/com.wingtech.diagnostic.activity.BoardMicActivity (has extras)} from uid 1000
12-27 18:00:19.105   528   766 I chatty  : uid=1000(system) HwBinder:528_2 identical 2 lines
12-27 18:00:19.122   528   766 D SDM     : DisplayBase::BuildLayerStackStats: LayerStack layer_count: 4, app_layer_count: 3, gpu_target_index: 3, display type: 0
12-27 18:00:19.129  1679  2513 D ActivityTrigger: activityStartTrigger: Activity is Triggerred in full screen ApplicationInfo{c4bdf7b com.asusodm.atd.smmitest}
12-27 18:00:19.129  1679  2513 E ActivityTrigger: activityStartTrigger: not whiteListedcom.asusodm.atd.smmitest/com.wingtech.diagnostic.activity.BoardMicActivity/28
12-27 18:00:19.129  1679  2513 D CompatibilityInfo: mCompatibilityFlags - 0
12-27 18:00:19.130  1679  2513 D CompatibilityInfo: applicationDensity - 480
12-27 18:00:19.130  1679  2513 D CompatibilityInfo: applicationScale - 1.0
12-27 18:00:19.131  1679  2513 D ActivityTrigger: activityResumeTrigger: The activity in ApplicationInfo{c4bdf7b com.asusodm.atd.smmitest} is now in focus and seems to be in full-screen mode
12-27 18:00:19.131  1679  2513 E ActivityTrigger: activityResumeTrigger: not whiteListedcom.asusodm.atd.smmitest/com.wingtech.diagnostic.activity.BoardMicActivity/28
12-27 18:00:19.131  1679  2513 D ActivityTrigger: ActivityTrigger activityPauseTrigger 
12-27 18:00:19.141   528   766 D SDM     : DisplayBase::BuildLayerStackStats: LayerStack layer_count: 4, app_layer_count: 3, gpu_target_index: 3, display type: 0
12-27 18:00:19.151  1679  2509 D ActivityTrigger: activityResumeTrigger: The activity in ApplicationInfo{c4bdf7b com.asusodm.atd.smmitest} is now in focus and seems to be in full-screen mode
12-27 18:00:19.152  1679  2509 E ActivityTrigger: activityResumeTrigger: not whiteListedcom.asusodm.atd.smmitest/com.wingtech.diagnostic.activity.BoardMicActivity/28
12-27 18:00:19.156   528   766 D SDM     : DisplayBase::BuildLayerStackStats: LayerStack layer_count: 4, app_layer_count: 3, gpu_target_index: 3, display type: 0
12-27 18:00:19.160  1679  2509 D ActivityManager: [MemInfo] Process already exists before starting ActivityRecord{24d3084 u0 com.asusodm.atd.smmitest/com.wingtech.diagnostic.activity.BoardMicActivity t43}. System free memory=2175082496
12-27 18:00:19.161  1679  2509 D WindowManager: adjustConfigurationLw, config:{0 1.0 ?mcc?mnc [en_US] ldltr sw360dp w360dp h652dp 480dpi nrml long port finger -keyb/v/h -nav/v winConfig={ mBounds=Rect(0, 0 - 1080, 2028) mAppBounds=Rect(0, 0 - 1080, 2028) mWindowingMode=fullscreen mActivityType=undefined} s.9} mLidState:-1 mHasKeyboardFeature:false mHasHallSensorFeature:false config.hardKeyboardHidden:2
12-27 18:00:19.173   528   766 D SDM     : DisplayBase::BuildLayerStackStats: LayerStack layer_count: 4, app_layer_count: 3, gpu_target_index: 3, display type: 0
12-27 18:00:19.175  1679  2509 D CompatibilityInfo: mCompatibilityFlags - 0
12-27 18:00:19.175  1679  2509 D CompatibilityInfo: applicationDensity - 480
12-27 18:00:19.175  1679  2509 D CompatibilityInfo: applicationScale - 1.0
12-27 18:00:19.177  1679  2509 D ActivityManager: HQ-Asus : ThermalWhiteListMaps size is 0!
12-27 18:00:19.187   528   766 D SDM     : DisplayBase::BuildLayerStackStats: LayerStack layer_count: 4, app_layer_count: 3, gpu_target_index: 3, display type: 0
12-27 18:00:19.194  5873  5873 W ActivityThread: handleWindowVisibility: no activity for token android.os.BinderProxy@2ba4d19
12-27 18:00:19.195  2792  2829 D GameAppHandler: packageName: com.asusodm.atd.smmitest taskId: 43 reason: minimalResumeActivityLocked isExternalDisplay: false mTwinViewModeEnabled: false
12-27 18:00:19.195  2792  2829 D GameAppHandler: intent: Intent { cmp=com.asusodm.atd.smmitest/com.wingtech.diagnostic.activity.BoardMicActivity (has extras) } action: null className: com.wingtech.diagnostic.activity.BoardMicActivity
12-27 18:00:19.195  2370  2370 D StatusBar: mTopActivityClassName:com.wingtech.diagnostic.activity.BoardMicActivity
12-27 18:00:19.199  2792  2829 D GameAppHandler: PACKAGE_NAME: com.asusodm.atd.smmitest, isAutoStart: false
12-27 18:00:19.200  2792  2792 D TaskWatcherService: pkgName: com.asusodm.atd.smmitest taskId: 43
12-27 18:00:19.200  2792  2792 W ContextImpl: Calling a method in the system process without a qualified user: android.app.ContextImpl.startService:1535 android.content.ContextWrapper.startService:671 com.asus.powersaver.TaskWatcherService$IncomingHandler.handleMessage:96 android.os.Handler.dispatchMessage:106 android.os.Looper.loop:198 
12-27 18:00:19.204   528   766 D SDM     : DisplayBase::BuildLayerStackStats: LayerStack layer_count: 4, app_layer_count: 3, gpu_target_index: 3, display type: 0
12-27 18:00:19.205  2792  2792 W ContextImpl: Calling a method in the system process without a qualified user: android.app.ContextImpl.sendBroadcast:1009 android.content.ContextWrapper.sendBroadcast:451 com.asus.powersaver.TaskWatcherService$IncomingHandler.handleMessage:111 android.os.Handler.dispatchMessage:106 android.os.Looper.loop:198 
12-27 18:00:19.206  5873  5873 V Monotype: SetAppTypeFace- try to flip, app = com.asusodm.atd.smmitest
12-27 18:00:19.206  5873  5873 V Monotype:     Typeface getFontPathFlipFont - systemFont = default#default
12-27 18:00:19.207  2792  2792 D PowerSaverService: onStartCommand PowerSaverService:
12-27 18:00:19.207  2792  2792 D PowerSaverService: onStartCommand  action:null
12-27 18:00:19.209  2792  2792 D PowerSaverService: current package:com.asusodm.atd.smmitest, activity:com.wingtech.diagnostic.activity.BoardMicActivity, SMode:0, PMode:2
12-27 18:00:19.212  2792  2829 D GameAppHandler: isGameGenieStart false
12-27 18:00:19.214  2792  2829 D GameAppHandler: triggerGameGenieIntent isKeyguradLocked: false
12-27 18:00:19.214  2792  2829 D GameAppHandler: mLastTriggerIntent: null
12-27 18:00:19.217  2792  2829 D GameAppHandler: PACKAGE_NAME: com.asusodm.atd.smmitest, isAutoStart: false
12-27 18:00:19.222   528   766 D SDM     : DisplayBase::BuildLayerStackStats: LayerStack layer_count: 4, app_layer_count: 3, gpu_target_index: 3, display type: 0
12-27 18:00:19.222  2792  2829 D GameAppHandler: PACKAGE_NAME: com.asusodm.atd.smmitest, isGame: false
12-27 18:00:19.224  2792  2829 D OpenedTimeAppInfoProvider: Update DB : number of affected records : 1
12-27 18:00:19.226  2792  2829 I AppOpsStatusUpdateHandler: pkgName = com.asusodm.atd.smmitest
12-27 18:00:19.226  2792  2829 I AppOpsStatusUpdateHandler: taskId = 43
12-27 18:00:19.226  2792  2829 D CNAppLockHandler: CNAppLockHandler handleAppFocus
12-27 18:00:19.229  2792  2829 D GameBrightnessHandler: PACKAGE_NAME: com.asusodm.atd.smmitest, isGame: false
12-27 18:00:19.233  2792  2829 D GameBrightnessHandler: PACKAGE_NAME: com.asusodm.atd.smmitest, isAutoStart: false
12-27 18:00:19.233  2792  2829 D GameBrightnessHandler: packageName: com.asusodm.atd.smmitest taskId: 43 reason: minimalResumeActivityLocked isExternalDisplay: false mIsAsusStationDocked: false
12-27 18:00:19.233  2792  2829 D GameBrightnessHandler: intent: Intent { cmp=com.asusodm.atd.smmitest/com.wingtech.diagnostic.activity.BoardMicActivity (has extras) } action: null className: com.wingtech.diagnostic.activity.BoardMicActivity
12-27 18:00:19.233  2792  2829 D GameBrightnessHandler: isGame: false isAutoStart: false mIsBrightnessModeOverwriten: false mCurrentBrightnessMode: 1
12-27 18:00:19.234  2792  2829 D GameBrightnessHandler: handleFocusChanged: mPhoneIsGame: false mStationIsGame: false mIsBrightnessModeOverwriten: false mCurrentBrightnessMode: 1 isDisableAutoBrightness: false
12-27 18:00:19.238   528   766 D SDM     : DisplayBase::BuildLayerStackStats: LayerStack layer_count: 4, app_layer_count: 3, gpu_target_index: 3, display type: 0
12-27 18:00:19.245   556  2323 V APM_AudioPolicyManager: getInputForAttr() source 1, sampling rate 8000, format 0x1, channel mask 0x10,session 113, flags 0
12-27 18:00:19.245   556  2323 V APM::AudioPolicyEngine: getDeviceForInputSource()input source 1, device 80000004
12-27 18:00:19.245   518   518 D audio_hw_primary: adev_open_input_stream: enter: sample_rate(8000) channel_mask(0x10) devices(0x80000004)        stream_handle(0xf21378c0) io_handle(46) source(1) format 1
12-27 18:00:19.246   518   518 W audio_hw_utils: audio_extn_utils_update_stream_input_app_type_cfg: App type could not be selected. Falling back to default
12-27 18:00:19.246   556  2323 V AudioFlinger: openInput_l() openInputStream returned input 0xed013a30, devices 0x80000004, SamplingRate 8000, Format 0x1, Channels 0x10, flags 0, status 0 addr bottom
12-27 18:00:19.247   556  2323 V AudioFlinger: openInput_l() created record thread: ID 46 thread 0xeb483340
12-27 18:00:19.248   556  2323 V AudioPolicyService: AudioCommandThread() adding update audio port list
12-27 18:00:19.248   556  2323 V AudioPolicyService: inserting command: 10 at index 0, num commands 0
12-27 18:00:19.248   556  2323 V APM_AudioPolicyManager: getInputForAttr() returns input 46 type 0 selectedDeviceId 16
12-27 18:00:19.248   556   790 V AudioPolicyService: AudioCommandThread() processing update audio port list
12-27 18:00:19.248   556  2323 V AudioFlinger: createRecord() lSessionId: 113 input 46
12-27 18:00:19.248   556  6759 I AudioFlinger: AudioFlinger's thread 0xeb483340 tid=6759 ready to run
12-27 18:00:19.249   556  2323 V AudioFlinger: getOrphanEffectChain_l session 113 index -2
12-27 18:00:19.249   518   782 D audio_hw_primary: in_standby: enter: stream (0xf21378c0) usecase(18: audio-record)
12-27 18:00:19.249   556   790 V AudioPolicyService: AudioCommandThread() going to sleep
12-27 18:00:19.249   556  3198 V APM_AudioPolicyManager: listAudioPorts() role 0 type 0 num_ports 0 ports 0xed00c300
12-27 18:00:19.249   556  3198 V APM_AudioPolicyManager: listAudioPorts() got 0 ports needed 13
12-27 18:00:19.250   556   556 V APM_AudioPolicyManager: listAudioPorts() role 0 type 0 num_ports 0 ports 0xed00c300
12-27 18:00:19.250   556   556 V APM_AudioPolicyManager: listAudioPorts() got 0 ports needed 13
12-27 18:00:19.250   556  3198 V APM_AudioPolicyManager: listAudioPorts() role 0 type 0 num_ports 0 ports 0xed00c300
12-27 18:00:19.250   556  3198 V APM_AudioPolicyManager: listAudioPorts() got 0 ports needed 13
12-27 18:00:19.250   556   793 V APM_AudioPolicyManager: listAudioPorts() role 0 type 0 num_ports 13 ports 0xebaf5d40
12-27 18:00:19.250   854   854 W AudioRecord: Server adjusted notificationFrames from 1024 to 160 for frameCount 2048
12-27 18:00:19.250   518   782 D audio_hw_primary: in_standby: enter: stream (0xf21378c0) usecase(18: audio-record)
12-27 18:00:19.250   556  3198 V AudioFlinger: acquiring 113 from 854, for -1
12-27 18:00:19.250   556  3198 V AudioFlinger:  added new entry for 113
12-27 18:00:19.250   556   793 V APM_AudioPolicyManager: listAudioPorts() got 13 ports needed 13
12-27 18:00:19.251   556   556 V APM_AudioPolicyManager: listAudioPorts() role 0 type 0 num_ports 13 ports 0xeba54f00
12-27 18:00:19.251   556   556 V APM_AudioPolicyManager: listAudioPorts() got 13 ports needed 13
12-27 18:00:19.253   556   793 V APM_AudioPolicyManager: listAudioPorts() role 0 type 0 num_ports 13 ports 0xebaf5100
12-27 18:00:19.253   556   793 V APM_AudioPolicyManager: listAudioPorts() got 13 ports needed 13
12-27 18:00:19.254   528   766 D SDM     : DisplayBase::BuildLayerStackStats: LayerStack layer_count: 4, app_layer_count: 3, gpu_target_index: 3, display type: 0
12-27 18:00:19.259   854  6760 I OMXClient: IOmx service obtained
12-27 18:00:19.259   885   885 I OMXMaster: makeComponentInstance(OMX.google.amrnb.encoder) in omx@1.0-service process
12-27 18:00:19.262   854  6760 I MediaCodec: MediaCodec will operate in async mode
12-27 18:00:19.262   885   885 E OMXNodeInstance: setConfig(0xe6f9db40:google.amrnb.encoder, ConfigPriority(0x6f800002)) ERROR: Undefined(0x80001001)
12-27 18:00:19.263   854  6760 I ACodec  : codec does not support config priority (err -2147483648)
12-27 18:00:19.264   885   885 E OMXNodeInstance: setConfig(0xe6f9db40:google.amrnb.encoder, ConfigPriority(0x6f800002)) ERROR: Undefined(0x80001001)
12-27 18:00:19.264   854  6760 I ACodec  : codec does not support config priority (err -2147483648)
12-27 18:00:19.265   885   885 E OMXNodeInstance: getConfig(0xe6f9db40:google.amrnb.encoder, ConfigAndroidVendorExtension(0x6f100004)) ERROR: Undefined(0x80001001)
12-27 18:00:19.266   854  6760 W ExtendedACodec: Failed to get extension for extradata parameter
12-27 18:00:19.269   516   516 W AshmemAllocator: ashmem_create_region(2048) returning hidl_memory(0x778a41a0f0, 2048)
12-27 18:00:19.271   528   766 D SDM     : DisplayBase::BuildLayerStackStats: LayerStack layer_count: 4, app_layer_count: 3, gpu_target_index: 3, display type: 0
12-27 18:00:19.274   516   516 W AshmemAllocator: ashmem_create_region(2048) returning hidl_memory(0x778a41a0f0, 2048)
12-27 18:00:19.276   516   516 I chatty  : uid=1000(system) allocator@1.0-s identical 1 line
12-27 18:00:19.277   516   516 W AshmemAllocator: ashmem_create_region(2048) returning hidl_memory(0x778a41a0f0, 2048)
12-27 18:00:19.280   516   516 W AshmemAllocator: ashmem_create_region(8192) returning hidl_memory(0x778a41a0f0, 8192)
12-27 18:00:19.283   516   516 I chatty  : uid=1000(system) allocator@1.0-s identical 2 lines
12-27 18:00:19.284   516   516 W AshmemAllocator: ashmem_create_region(8192) returning hidl_memory(0x778a41a0f0, 8192)
12-27 18:00:19.286   854   854 I MPEG4Writer: limits: 4294967295/0 bytes/us, bit rate: 12200 bps and the estimated moov size 3191 bytes
12-27 18:00:19.287   854  6757 I MediaCodecSource: MediaCodecSource (audio) starting
12-27 18:00:19.287   528   766 D SDM     : DisplayBase::BuildLayerStackStats: LayerStack layer_count: 4, app_layer_count: 3, gpu_target_index: 3, display type: 0
12-27 18:00:19.291   556   793 V AudioFlinger: RecordHandle::start()
12-27 18:00:19.296   556   793 V APM::AudioPolicyEngine: getDeviceForInputSource()input source 1, device 80000004
12-27 18:00:19.296   556   793 V AudioPolicyService: AudioCommandThread() adding create patch delay 0
12-27 18:00:19.296   556   793 V AudioPolicyService: inserting command: 8 at index 0, num commands 0
12-27 18:00:19.296   556   789 V AudioPolicyService: AudioCommandThread() processing create audio patch
12-27 18:00:19.298   518   782 D audio_hw_primary: in_set_parameters: enter: kvpairs=bottom=;input_source=1;routing=-2147483644
12-27 18:00:19.299   556   789 V AudioPolicyService: AudioCommandThread() going to sleep
12-27 18:00:19.299   556   793 V APM_AudioPolicyManager: setInputDevice() createAudioPatch returned 0 patchHandle 44
12-27 18:00:19.300   556   793 V AudioPolicyService: AudioCommandThread() adding recording configuration update event 1, source 1 uid 1000
12-27 18:00:19.300   556   793 V AudioPolicyService: inserting command: 14 at index 0, num commands 0
12-27 18:00:19.300   556   793 V AudioPolicyService: AudioCommandThread() adding update audio patch list
12-27 18:00:19.300   556   793 V AudioPolicyService: inserting command: 11 at index 1, num commands 1
12-27 18:00:19.300   556   790 V AudioPolicyService: AudioCommandThread() processing recording configuration update
12-27 18:00:19.300   556   790 V AudioPolicyService: AudioCommandThread() processing update audio patch list
12-27 18:00:19.300   556   790 V AudioPolicyService: AudioCommandThread() going to sleep
12-27 18:00:19.301   556  2218 I SoundTriggerHwService::Module: onCallbackEvent no clients
12-27 18:00:19.301   854  6757 I MediaCodecSource: MediaCodecSource (audio) started
12-27 18:00:19.302   556  3198 V APM_AudioPolicyManager: listAudioPorts() role 0 type 0 num_ports 0 ports 0xed00c308
12-27 18:00:19.303   556  3198 V APM_AudioPolicyManager: listAudioPorts() got 0 ports needed 13
12-27 18:00:19.303   556   556 V APM_AudioPolicyManager: listAudioPorts() role 0 type 0 num_ports 0 ports 0xed00c310
12-27 18:00:19.303   556   556 V APM_AudioPolicyManager: listAudioPorts() got 0 ports needed 13
12-27 18:00:19.303   518  6766 D audio_hw_primary: start_input_stream: enter: stream(0xf21378c0)usecase(18: audio-record)
12-27 18:00:19.303   556   793 V APM_AudioPolicyManager: listAudioPorts() role 0 type 0 num_ports 0 ports 0xed00c310
12-27 18:00:19.304   556   793 V APM_AudioPolicyManager: listAudioPorts() got 0 ports needed 13
12-27 18:00:19.304   556  3198 V APM_AudioPolicyManager: listAudioPorts() role 0 type 0 num_ports 13 ports 0xeba54bc0
12-27 18:00:19.304   518  6766 D audio_hw_primary: select_devices for use case (audio-record)
12-27 18:00:19.304   518  6766 D audio_hw_primary: select_devices: out_snd_device(0: ) in_snd_device(66: handset-mic)
12-27 18:00:19.304   528   766 D SDM     : DisplayBase::BuildLayerStackStats: LayerStack layer_count: 4, app_layer_count: 3, gpu_target_index: 3, display type: 0
12-27 18:00:19.304   518  6766 I msm8916_platform: platform_check_and_set_capture_codec_backend_cfg:txbecf: afe: bitwidth 16, samplerate 8000, channel 1 format 1, backend_idx 7 usecase = 18 device (handset-mic)
12-27 18:00:19.305   556  3198 V APM_AudioPolicyManager: listAudioPorts() got 13 ports needed 13
12-27 18:00:19.305   518  6766 I msm8916_platform: platform_check_capture_codec_backend_cfg:txbecf: afe: Codec selected backend: 7 current bit width: 16 and sample rate: 8000, channels 1 format 1
12-27 18:00:19.305   556   556 V APM_AudioPolicyManager: listAudioPorts() role 0 type 0 num_ports 13 ports 0xeba5aa00
12-27 18:00:19.305   556   556 V APM_AudioPolicyManager: listAudioPorts() got 13 ports needed 13
12-27 18:00:19.306   556   793 V APM_AudioPolicyManager: listAudioPorts() role 0 type 0 num_ports 13 ports 0xeba60080
12-27 18:00:19.306   556   793 V APM_AudioPolicyManager: listAudioPorts() got 13 ports needed 13
12-27 18:00:19.305   518  6766 W msm8916_platform: platform_check_capture_codec_backend_cfg:txbecf: afe:Use default bw and sr for voice/voip calls
12-27 18:00:19.307   518  6766 I msm8916_platform: platform_check_capture_codec_backend_cfg:txbecf: afe: Codec selected backend: 7 updated bit width: 16 and sample rate: 48000
12-27 18:00:19.307   518  6766 D audio_hw_primary: check_usecases_capture_codec_backend:becf: force routing 0
12-27 18:00:19.307   518  6766 D hardware_info: hw_info_append_hw_type : device_name = handset-mic
12-27 18:00:19.307   518  6766 D msm8916_platform: platform_split_snd_device: snd_device(66) num devices(0) new_snd_devices(0)
12-27 18:00:19.307   518  6766 D audio_hw_primary: enable_snd_device: snd_device(66: handset-mic)
12-27 18:00:19.307   518  6766 I soundtrigger: audio_extn_sound_trigger_update_device_status: device 0x42 of type 1 for Event 1, with Raise=1
12-27 18:00:19.307   518  6766 D sound_trigger_platform: platform_stdev_check_and_update_concurrency: concurrency active 0, tx 1, rx 0, concurrency session_allowed 0
12-27 18:00:19.308   518  6766 D audio_route: Apply path: handset-mic
12-27 18:00:19.316   518  6766 W audio_hw_utils: audio_extn_utils_update_stream_input_app_type_cfg: App type could not be selected. Falling back to default
12-27 18:00:19.316   518  6766 D audio_hw_utils: audio_extn_utils_send_app_type_cfg: usecase->in_snd_device handset-mic
12-27 18:00:19.316   518  6766 D msm8916_platform: platform_split_snd_device: snd_device(66) num devices(0) new_snd_devices(0)
12-27 18:00:19.316   518  6766 E msm8916_platform: platform_get_snd_device_backend_index: BE DAI Name Table is not present
12-27 18:00:19.316   518  6766 E audio_hw_utils: send_app_type_cfg_for_device: Couldn't get the backend index for snd device handset-mic ret=-14
12-27 18:00:19.317   518  6766 I audio_hw_utils: send_app_type_cfg_for_device CAPTURE app_type 69938, acdb_dev_id 4, sample_rate 48000, snd_device_be_idx -14
12-27 18:00:19.317   518  6766 D msm8916_platform: platform_split_snd_device: snd_device(66) num devices(1) new_snd_devices(0)
12-27 18:00:19.317   518  6766 D msm8916_platform: normal audio record remap to acdb_id(66)
12-27 18:00:19.317   518  6766 D ACDB-LOADER: ACDB -> send_audio_cal, acdb_id = 66, path = 1, app id = 0x11132, sample rate = 48000
12-27 18:00:19.317   518  6766 D ACDB-LOADER: ACDB -> send_asm_topology
12-27 18:00:19.317   518  6766 D ACDB-LOADER: ACDB -> ACDB_CMD_GET_AUDPROC_STREAM_TOPOLOGY_ID
12-27 18:00:19.317   518  6766 D ACDB-LOADER: ACDB -> send_adm_topology
12-27 18:00:19.317   518  6766 D ACDB-LOADER: ACDB -> ACDB_CMD_GET_AUDPROC_COMMON_TOPOLOGY_ID
12-27 18:00:19.317   518  6766 D ACDB-LOADER: ACDB -> send_audtable
12-27 18:00:19.317   518  6766 D ACDB-LOADER: ACDB -> ACDB_CMD_GET_AUDPROC_COMMON_TABLE_SIZE
12-27 18:00:19.317   518  6766 D ACDB-LOADER: ACDB -> ACDB_CMD_GET_AUDPROC_COMMON_TABLE
12-27 18:00:19.317   518  6766 D ACDB-LOADER: ACDB -> AUDIO_SET_AUDPROC_CAL
12-27 18:00:19.317   518  6766 D ACDB-LOADER: ACDB -> send_audvoltable
12-27 18:00:19.317   518  6766 D ACDB-LOADER: ACDB -> ACDB_CMD_GET_AUDPROC_VOL_STEP_TABLE_SIZE
12-27 18:00:19.317   518  6766 D ACDB-LOADER: ACDB -> ACDB_CMD_GET_AUDPROC_GAIN_DEP_STEP_TABLE, vol index 0
12-27 18:00:19.317   518  6766 D         : Failed to fetch the lookup information of the device 00000042 
12-27 18:00:19.317   518  6766 E ACDB-LOADER: Error: ACDB AudProc vol returned = -19
12-27 18:00:19.317   518  6766 D ACDB-LOADER: ACDB -> AUDIO_SET_VOL_CAL cal type = 12
12-27 18:00:19.318   518  6766 D ACDB-LOADER: ACDB -> ACDB_CMD_GET_AUDPROC_STREAM_TABLE_SIZE
12-27 18:00:19.318   518  6766 D ACDB-LOADER: ACDB -> send_audstrmtable
12-27 18:00:19.318   518  6766 D ACDB-LOADER: ACDB -> ACDB_CMD_GET_AUDPROC_STREAM_TABLE_V2
12-27 18:00:19.318   518  6766 D ACDB-LOADER: ACDB -> audstrm_cal->cal_type.cal_data.cal_size = 16
12-27 18:00:19.318   518  6766 D ACDB-LOADER: ACDB -> send_afe_topology
12-27 18:00:19.318   518  6766 D ACDB-LOADER: ACDB -> ACDB_CMD_GET_AFE_TOPOLOGY_ID
12-27 18:00:19.318   518  6766 D ACDB-LOADER: ACDB -> GET_AFE_TOPOLOGY_ID for adcd_id 66, Topology Id 112fb
12-27 18:00:19.318   518  6766 D ACDB-LOADER: ACDB -> send_afe_cal
12-27 18:00:19.318   518  6766 D ACDB-LOADER: ACDB -> ACDB_CMD_GET_AFE_COMMON_TABLE_SIZE
12-27 18:00:19.318   518  6766 D         : Failed to fetch the lookup information of the device 00000042 
12-27 18:00:19.318   518  6766 E ACDB-LOADER: Error: ACDB_CMD_GET_AFE_COMMON_TABLE_SIZE Returned = -19
12-27 18:00:19.318   518  6766 D ACDB-LOADER: ACDB -> ACDB_CMD_GET_AFE_COMMON_TABLE
12-27 18:00:19.318   518  6766 D         : Failed to fetch the lookup information of the device 00000042 
12-27 18:00:19.318   518  6766 E ACDB-LOADER: Error: ACDB AFE returned = -19
12-27 18:00:19.318   518  6766 D ACDB-LOADER: ACDB -> AUDIO_SET_AFE_CAL
12-27 18:00:19.318   518  6766 D ACDB-LOADER: ACDB -> send_hw_delay : acdb_id = 66 path = 1
12-27 18:00:19.318   518  6766 D ACDB-LOADER: ACDB -> ACDB_AVSYNC_INFO: ACDB_CMD_GET_DEVICE_PROPERTY
12-27 18:00:19.318   518  6766 D audio_hw_primary: enable_audio_route: apply mixer and update path: audio-record
12-27 18:00:19.318   518  6766 D audio_route: Apply path: audio-record
12-27 18:00:19.319   518  6766 D audio_hw_primary: select_devices: done
12-27 18:00:19.321   528   766 D SDM     : DisplayBase::BuildLayerStackStats: LayerStack layer_count: 4, app_layer_count: 3, gpu_target_index: 3, display type: 0
12-27 18:00:19.354   528   766 I chatty  : uid=1000(system) HwBinder:528_2 identical 2 lines
12-27 18:00:19.372   528   766 D SDM     : DisplayBase::BuildLayerStackStats: LayerStack layer_count: 4, app_layer_count: 3, gpu_target_index: 3, display type: 0
12-27 18:00:19.378   518  6766 D audio_hw_primary: start_input_stream: exit
12-27 18:00:19.389   528   766 D SDM     : DisplayBase::BuildLayerStackStats: LayerStack layer_count: 4, app_layer_count: 3, gpu_target_index: 3, display type: 0
12-27 18:00:19.401   854  6765 I MPEG4Writer: setStartTimestampUs: 93263
12-27 18:00:19.401   854  6765 I MPEG4Writer: Earliest track starting time: 93263
12-27 18:00:19.406   528   766 D SDM     : DisplayBase::BuildLayerStackStats: LayerStack layer_count: 4, app_layer_count: 3, gpu_target_index: 3, display type: 0
12-27 18:00:19.407  2359  2359 D XT9IME  : onStartInput isInputViewShown() = false isShowInputRequested() = false
12-27 18:00:19.422   528   766 D SDM     : DisplayBase::BuildLayerStackStats: LayerStack layer_count: 4, app_layer_count: 3, gpu_target_index: 3, display type: 0
12-27 18:00:19.440  1679  1855 I ActivityManager: Displayed com.asusodm.atd.smmitest/com.wingtech.diagnostic.activity.BoardMicActivity: +264ms
12-27 18:00:19.440   528   766 D SDM     : DisplayBase::BuildLayerStackStats: LayerStack layer_count: 5, app_layer_count: 4, gpu_target_index: 4, display type: 0
12-27 18:00:19.447  2792  2828 D GameAppHandler: packageName: com.asusodm.atd.smmitest taskId: 43 reason: report-launched isExternalDisplay: false mTwinViewModeEnabled: false
12-27 18:00:19.447  2792  2828 D GameAppHandler: intent: Intent { cmp=com.asusodm.atd.smmitest/com.wingtech.diagnostic.activity.BoardMicActivity (has extras) } action: null className: com.wingtech.diagnostic.activity.BoardMicActivity
12-27 18:00:19.450  2792  2828 D GameAppHandler: PACKAGE_NAME: com.asusodm.atd.smmitest, isAutoStart: false
12-27 18:00:19.452  2792  2792 D TaskWatcherService: pkgName: com.asusodm.atd.smmitest taskId: 43
12-27 18:00:19.452  2792  2792 W ContextImpl: Calling a method in the system process without a qualified user: android.app.ContextImpl.startService:1535 android.content.ContextWrapper.startService:671 com.asus.powersaver.TaskWatcherService$IncomingHandler.handleMessage:96 android.os.Handler.dispatchMessage:106 android.os.Looper.loop:198 
12-27 18:00:19.453  2792  2828 D GameAppHandler: isGameGenieStart false
12-27 18:00:19.455  2792  2828 D GameAppHandler: triggerGameGenieIntent isKeyguradLocked: false
12-27 18:00:19.455  2792  2828 D GameAppHandler: mLastTriggerIntent: null
12-27 18:00:19.457   528   766 D SDM     : DisplayBase::BuildLayerStackStats: LayerStack layer_count: 5, app_layer_count: 4, gpu_target_index: 4, display type: 0
12-27 18:00:19.457  2792  2792 W ContextImpl: Calling a method in the system process without a qualified user: android.app.ContextImpl.sendBroadcast:1009 android.content.ContextWrapper.sendBroadcast:451 com.asus.powersaver.TaskWatcherService$IncomingHandler.handleMessage:111 android.os.Handler.dispatchMessage:106 android.os.Looper.loop:198 
12-27 18:00:19.460  2792  2828 D GameAppHandler: PACKAGE_NAME: com.asusodm.atd.smmitest, isAutoStart: false
12-27 18:00:19.462  2792  2792 D PowerSaverService: onStartCommand PowerSaverService:
12-27 18:00:19.462  2792  2792 D PowerSaverService: onStartCommand  action:null
12-27 18:00:19.465  2792  2792 D PowerSaverService: current package:com.asusodm.atd.smmitest, activity:com.wingtech.diagnostic.activity.BoardMicActivity, SMode:0, PMode:2
12-27 18:00:19.466  2792  2828 D GameAppHandler: PACKAGE_NAME: com.asusodm.atd.smmitest, isGame: false
12-27 18:00:19.467  2792  2828 D OpenedTimeAppInfoProvider: Update DB : number of affected records : 1
12-27 18:00:19.471  2792  2828 I AppOpsStatusUpdateHandler: pkgName = com.asusodm.atd.smmitest
12-27 18:00:19.471  2792  2828 I AppOpsStatusUpdateHandler: taskId = 43
12-27 18:00:19.472  2792  2828 D CNAppLockHandler: CNAppLockHandler handleAppFocus
12-27 18:00:19.473   528   766 D SDM     : DisplayBase::BuildLayerStackStats: LayerStack layer_count: 5, app_layer_count: 4, gpu_target_index: 4, display type: 0
12-27 18:00:19.478  2792  2828 D GameBrightnessHandler: PACKAGE_NAME: com.asusodm.atd.smmitest, isGame: false
12-27 18:00:19.484  2792  2828 D GameBrightnessHandler: PACKAGE_NAME: com.asusodm.atd.smmitest, isAutoStart: false
12-27 18:00:19.485  2792  2828 D GameBrightnessHandler: packageName: com.asusodm.atd.smmitest taskId: 43 reason: report-launched isExternalDisplay: false mIsAsusStationDocked: false
12-27 18:00:19.485  2792  2828 D GameBrightnessHandler: intent: Intent { cmp=com.asusodm.atd.smmitest/com.wingtech.diagnostic.activity.BoardMicActivity (has extras) } action: null className: com.wingtech.diagnostic.activity.BoardMicActivity
12-27 18:00:19.486  2792  2828 D GameBrightnessHandler: isGame: false isAutoStart: false mIsBrightnessModeOverwriten: false mCurrentBrightnessMode: 1
12-27 18:00:19.486  2792  2828 D GameBrightnessHandler: handleFocusChanged: mPhoneIsGame: false mStationIsGame: false mIsBrightnessModeOverwriten: false mCurrentBrightnessMode: 1 isDisableAutoBrightness: false
12-27 18:00:19.489   528   766 D SDM     : DisplayBase::BuildLayerStackStats: LayerStack layer_count: 5, app_layer_count: 4, gpu_target_index: 4, display type: 0
12-27 18:00:19.724   528   766 I chatty  : uid=1000(system) HwBinder:528_2 identical 14 lines
12-27 18:00:19.740   528   766 D SDM     : DisplayBase::BuildLayerStackStats: LayerStack layer_count: 5, app_layer_count: 4, gpu_target_index: 4, display type: 0
12-27 18:00:19.757   528   766 D SDM     : DisplayBase::BuildLayerStackStats: LayerStack layer_count: 4, app_layer_count: 3, gpu_target_index: 3, display type: 0
12-27 18:00:19.770  1679  1835 D ActivityTrigger: ActivityTrigger activityStopTrigger 
12-27 18:00:19.774   528   766 D SDM     : DisplayBase::BuildLayerStackStats: LayerStack layer_count: 4, app_layer_count: 3, gpu_target_index: 3, display type: 0
12-27 18:00:20.127  1679  2513 W AlarmManager: Window length 1152921504606846975ms suspiciously long; limiting to 1 hour
12-27 18:00:19.872   528   766 I chatty  : uid=1000(system) HwBinder:528_2 identical 2 lines
12-27 18:00:19.955   528   766 D SDM     : DisplayBase::BuildLayerStackStats: LayerStack layer_count: 4, app_layer_count: 3, gpu_target_index: 3, display type: 0
12-27 18:00:20.159   833   922 D ThermalEngine: sensor_wait: case_therm Wait done.
12-27 18:00:20.160   833   922 D ThermalEngine: sensor_monitor: case_therm Reading 37000 .
12-27 18:00:20.160   833   922 I ThermalEngine: Sensor:case_therm:37000 mC
12-27 18:00:20.160   833   922 D ThermalEngine: update_active_thresh: case_therm Active(1), Hi(1) 45000, Lo(0) -2147483648, desc(0) Interval(1) 10000
12-27 18:00:20.160   833   922 D ThermalEngine: sensor_monitor: case_therm Sensor wait.
12-27 18:00:20.160   833   922 D ThermalEngine: sensor_wait: case_therm Wait start. 10000ms
12-27 18:00:24.305   854   854 D MPEG4Writer: Audio track stopping. Stop source
12-27 18:00:24.305   854   854 D MPEG4Writer: Audio track source stopping
12-27 18:00:24.305   854  6757 I MediaCodecSource: encoder (audio) stopping
12-27 18:00:24.320   854  6765 I MPEG4Writer: Received total/0-length (246/0) buffers and encoded 246 frames. - Audio
12-27 18:00:24.320   854  6765 I MPEG4Writer: Audio track drift time: 0 us
12-27 18:00:24.333   854  6757 I MediaCodecSource: encoder (audio) stopped
12-27 18:00:24.333   556   793 V AudioFlinger: RecordHandle::stop()
12-27 18:00:24.340   518   782 D audio_hw_primary: in_standby: enter: stream (0xf21378c0) usecase(18: audio-record)
12-27 18:00:24.402   518   782 D audio_hw_primary: disable_audio_route: reset and update mixer path: audio-record
12-27 18:00:24.403   518   782 D hardware_info: hw_info_append_hw_type : device_name = handset-mic
12-27 18:00:24.403   518   782 D audio_hw_primary: disable_snd_device: snd_device(66: handset-mic)
12-27 18:00:24.403   518   782 D msm8916_platform: platform_split_snd_device: snd_device(66) num devices(0) new_snd_devices(0)
12-27 18:00:24.409   518   782 I soundtrigger: audio_extn_sound_trigger_update_device_status: device 0x42 of type 1 for Event 0, with Raise=1
12-27 18:00:24.409   518   782 D sound_trigger_platform: platform_stdev_check_and_update_concurrency: concurrency active 0, tx 0, rx 0, concurrency session_allowed 1
12-27 18:00:24.412   556   793 V APM_AudioPolicyManager: stopInput() input 46
12-27 18:00:24.412   556   793 V AudioPolicyService: AudioCommandThread() adding recording configuration update event 0, source 1 uid 1000
12-27 18:00:24.412   556   793 V AudioPolicyService: inserting command: 14 at index 0, num commands 0
12-27 18:00:24.412   556   793 V AudioPolicyService: AudioCommandThread() adding release patch delay 0
12-27 18:00:24.412   556   793 V AudioPolicyService: inserting command: 9 at index 0, num commands 0
12-27 18:00:24.412   556   789 V AudioPolicyService: AudioCommandThread() processing release audio patch
12-27 18:00:24.412   556   790 V AudioPolicyService: AudioCommandThread() processing recording configuration update
12-27 18:00:24.413   556   790 V AudioPolicyService: AudioCommandThread() going to sleep
12-27 18:00:24.413   518   518 D audio_hw_primary: in_set_parameters: enter: kvpairs=routing=0
12-27 18:00:24.414   556   789 V AudioPolicyService: AudioCommandThread() going to sleep
12-27 18:00:24.414   556   793 V APM_AudioPolicyManager: resetInputDevice() releaseAudioPatch returned 0
12-27 18:00:24.414   556   793 V AudioPolicyService: AudioCommandThread() adding update audio patch list
12-27 18:00:24.414   556   793 V AudioPolicyService: inserting command: 11 at index 0, num commands 0
12-27 18:00:24.414   556   790 V AudioPolicyService: AudioCommandThread() processing update audio patch list
12-27 18:00:24.414   556  2218 I SoundTriggerHwService::Module: onCallbackEvent no clients
12-27 18:00:24.414   556   790 V AudioPolicyService: AudioCommandThread() going to sleep
12-27 18:00:24.415   556   556 V APM_AudioPolicyManager: listAudioPorts() role 0 type 0 num_ports 0 ports 0xed00c320
12-27 18:00:24.415   556   556 V APM_AudioPolicyManager: listAudioPorts() got 0 ports needed 13
12-27 18:00:24.415   854   854 D MPEG4Writer: Audio track source stopped
12-27 18:00:24.415   854   854 D MPEG4Writer: Audio track stopped. Stop source
12-27 18:00:24.415   854   854 D MPEG4Writer: Stopping writer thread
12-27 18:00:24.416   854  6763 D MPEG4Writer: 0 chunks are written in the last batch
12-27 18:00:24.416   556  3198 V APM_AudioPolicyManager: listAudioPorts() role 0 type 0 num_ports 13 ports 0xeba54840
12-27 18:00:24.416   854   854 D MPEG4Writer: Writer thread stopped
12-27 18:00:24.416   556  3198 V APM_AudioPolicyManager: listAudioPorts() got 13 ports needed 13
12-27 18:00:24.417   556   793 V APM_AudioPolicyManager: listAudioPorts() role 0 type 0 num_ports 0 ports 0xed00c310
12-27 18:00:24.417   854   854 I MPEG4Writer: Ajust the moov start time from 93263 us -> 93263 us
12-27 18:00:24.417   556   793 V APM_AudioPolicyManager: listAudioPorts() got 0 ports needed 13
12-27 18:00:24.417   556   556 V APM_AudioPolicyManager: listAudioPorts() role 0 type 0 num_ports 0 ports 0xed00c320
12-27 18:00:24.417   556   556 V APM_AudioPolicyManager: listAudioPorts() got 0 ports needed 13
12-27 18:00:24.417   854   854 D MPEG4Writer: Audio track stopping. Stop source
12-27 18:00:24.417   556   556 V APM_AudioPolicyManager: listAudioPorts() role 0 type 0 num_ports 13 ports 0xeba545c0
12-27 18:00:24.418   556   556 V APM_AudioPolicyManager: listAudioPorts() got 13 ports needed 13
12-27 18:00:24.419   556  3198 V APM_AudioPolicyManager: listAudioPorts() role 0 type 0 num_ports 13 ports 0xeba54980
12-27 18:00:24.420   854  1050 W StagefrightRecorder: stop while neither recording nor paused
12-27 18:00:24.420   556  3198 V APM_AudioPolicyManager: listAudioPorts() got 13 ports needed 13
12-27 18:00:24.421   556  3198 V AudioFlinger: RecordHandle::stop()
12-27 18:00:24.421   556   794 V AudioFlinger: releasing 113 from 854 for -1
12-27 18:00:24.421   556   794 V AudioFlinger:  decremented refcount to 0
12-27 18:00:24.421   556  3198 V APM_AudioPolicyManager: releaseInput() 46
12-27 18:00:24.421   556   794 V AudioFlinger: purging stale effects
12-27 18:00:24.421   556  3198 V APM_AudioPolicyManager: closeInput(46)
12-27 18:00:24.421   556  3198 V AudioFlinger: closeInput() 46
12-27 18:00:24.423  5873  5873 D BoardMicActivity: synchronized mPlayer start
12-27 18:00:24.426   556  2323 V AudioFlinger: registerClient() client 0xed0093f8, pid 5873
12-27 18:00:24.430   556  2323 V AudioFlinger: acquiring 121 from 5873, for -1
12-27 18:00:24.430   556  2323 V AudioFlinger:  added new entry for 121
12-27 18:00:24.432   518   782 D audio_hw_primary: adev_close_input_stream: enter:stream_handle(0xf21378c0)
12-27 18:00:24.433   518   782 D audio_hw_primary: in_standby: enter: stream (0xf21378c0) usecase(18: audio-record)
12-27 18:00:24.436   556  3198 V AudioPolicyService: AudioCommandThread() adding update audio port list
12-27 18:00:24.436   556  3198 V AudioPolicyService: inserting command: 10 at index 0, num commands 0
12-27 18:00:24.436   556   790 V AudioPolicyService: AudioCommandThread() processing update audio port list
12-27 18:00:24.437   556   790 V AudioPolicyService: AudioCommandThread() going to sleep
12-27 18:00:24.437   556  3198 V APM_AudioPolicyManager: releaseInput() exit
12-27 18:00:24.438   556  3198 V AudioFlinger: ~RecordTrack
12-27 18:00:24.438   556  3198 V AudioFlinger: removeClient_l() pid 5873, calling pid 556
12-27 18:00:24.440   854   854 D NuPlayerDriver: NuPlayerDriver(0xf3ffe180) created, clientPid(5873)
12-27 18:00:24.442   556   556 V APM_AudioPolicyManager: listAudioPorts() role 0 type 0 num_ports 0 ports 0xed00c2f8
12-27 18:00:24.442   556   556 V APM_AudioPolicyManager: listAudioPorts() got 0 ports needed 12
12-27 18:00:24.443   556   794 V APM_AudioPolicyManager: listAudioPorts() role 0 type 0 num_ports 12 ports 0xebae3880
12-27 18:00:24.443   556   794 V APM_AudioPolicyManager: listAudioPorts() got 12 ports needed 12
12-27 18:00:24.445   556   794 V APM_AudioPolicyManager: listAudioPorts() role 0 type 0 num_ports 0 ports 0xed00c2f8
12-27 18:00:24.445   556   794 V APM_AudioPolicyManager: listAudioPorts() got 0 ports needed 12
12-27 18:00:24.446   556  3198 V APM_AudioPolicyManager: listAudioPorts() role 0 type 0 num_ports 0 ports 0xed00c2f8
12-27 18:00:24.446   556  3198 V APM_AudioPolicyManager: listAudioPorts() got 0 ports needed 12
12-27 18:00:24.446   556   794 V APM_AudioPolicyManager: listAudioPorts() role 0 type 0 num_ports 12 ports 0xebae3540
12-27 18:00:24.446   556   794 V APM_AudioPolicyManager: listAudioPorts() got 12 ports needed 12
12-27 18:00:24.447   854   854 I ExtendedNuUtils: printFileName fd(23) -> /storage/emulated/0/test.pcm
12-27 18:00:24.447   556   556 V APM_AudioPolicyManager: listAudioPorts() role 0 type 0 num_ports 12 ports 0xebae3600
12-27 18:00:24.447  5873  5873 D BoardMicActivity: startplay mPlayer.prepare() start
12-27 18:00:24.447   556   556 V APM_AudioPolicyManager: listAudioPorts() got 12 ports needed 12
12-27 18:00:24.454   854  6772 D GenericSource: FileSource remote
12-27 18:00:24.459   850  1057 I MMParserExtractor: Created(0x716be43540)
12-27 18:00:24.470   854  6772 W BpMediaSource: ignoring potentially modified MetaData from start
12-27 18:00:24.470   854  6772 W BpMediaSource: input:
12-27 18:00:24.470   854  6772 I MetaDataBase: bytm: (int32_t) 2
12-27 18:00:24.470   854  6772 W BpMediaSource: output:
12-27 18:00:24.470   854  6772 I MetaDataBase: bytm: (int32_t) 0
12-27 18:00:24.471   854  6771 D NuPlayerDriver: notifyListener_l(0xf3ffe180), (1, 0, 0, -1), loop setting(0, 0)
12-27 18:00:24.479   556   556 V APM::AudioPolicyEngine: getDeviceForStrategy() strategy 0, device 2
12-27 18:00:24.479   556   556 V APM_AudioPolicyManager: getOutputsForDevice() device 0002
12-27 18:00:24.479   556   556 V APM_AudioPolicyManager: output 0 isDuplicated=0 device=212047f
12-27 18:00:24.479   556   556 V APM_AudioPolicyManager: getOutputsForDevice() found output 13
12-27 18:00:24.479   556   556 V APM_AudioPolicyManager: output 1 isDuplicated=0 device=202047f
12-27 18:00:24.479   556   556 V APM_AudioPolicyManager: getOutputsForDevice() found output 21
12-27 18:00:24.479   556   556 V APM_AudioPolicyManager: output 2 isDuplicated=0 device=202047f
12-27 18:00:24.479   556   556 V APM_AudioPolicyManager: getOutputsForDevice() found output 29
12-27 18:00:24.479   556   556 V APM_AudioPolicyManager: output 3 isDuplicated=0 device=10000
12-27 18:00:24.481   854  1050 D NuPlayerDriver: start(0xf3ffe180), state is 4, eos is 0
12-27 18:00:24.481   854  6771 I GenericSource: start
12-27 18:00:24.481  5873  5873 D BoardMicActivity: startplay mPlayer.start() end
12-27 18:00:24.482  1679  1679 V MediaRouter: onRestoreRoute() : route=RouteInfo{ name=Phone, description=null, status=null, category=RouteCategory{ name=System types=ROUTE_TYPE_LIVE_AUDIO ROUTE_TYPE_LIVE_VIDEO  groupable=false }, supportedTypes=ROUTE_TYPE_LIVE_AUDIO ROUTE_TYPE_LIVE_VIDEO , presentationDisplay=null }
12-27 18:00:24.482  1679  1679 V MediaRouter: Selecting route: RouteInfo{ name=Phone, description=null, status=null, category=RouteCategory{ name=System types=ROUTE_TYPE_LIVE_AUDIO ROUTE_TYPE_LIVE_VIDEO  groupable=false }, supportedTypes=ROUTE_TYPE_LIVE_AUDIO ROUTE_TYPE_LIVE_VIDEO , presentationDisplay=null }
12-27 18:00:24.482  2306  2824 D Avrcp_ext: AudioManager Player: ID:23 -- type:android.media.SoundPool -- u/pid:10004/2370 -- state:idle -- attr:AudioAttributes: usage=USAGE_ASSISTANCE_SONIFICATION content=CONTENT_TYPE_SONIFICATION flags=0x0 tags= bundle=null
12-27 18:00:24.482  2306  2824 D Avrcp_ext: AudioManager Player: ID:55 -- type:android.media.MediaPlayer -- u/pid:10004/2370 -- state:stopped -- attr:AudioAttributes: usage=USAGE_ASSISTANCE_SONIFICATION content=CONTENT_TYPE_SONIFICATION flags=0x0 tags= bundle=null
12-27 18:00:24.483  2306  2824 D Avrcp_ext: AudioManager Player: ID:103 -- type:android.media.MediaPlayer -- u/pid:10004/2370 -- state:stopped -- attr:AudioAttributes: usage=USAGE_ASSISTANCE_SONIFICATION content=CONTENT_TYPE_SONIFICATION flags=0x0 tags= bundle=null
12-27 18:00:24.483  2306  2824 D Avrcp_ext: AudioManager Player: ID:135 -- type:android.media.MediaPlayer -- u/pid:10004/2370 -- state:stopped -- attr:AudioAttributes: usage=USAGE_ASSISTANCE_SONIFICATION content=CONTENT_TYPE_SONIFICATION flags=0x0 tags= bundle=null
12-27 18:00:24.483  2306  2824 D Avrcp_ext: AudioManager Player: ID:15 -- type:android.media.SoundPool -- u/pid:1000/1679 -- state:idle -- attr:AudioAttributes: usage=USAGE_ASSISTANCE_SONIFICATION content=CONTENT_TYPE_SONIFICATION flags=0x0 tags= bundle=null
12-27 18:00:24.483  2306  2824 D Avrcp_ext: AudioManager Player: ID:63 -- type:android.media.SoundPool -- u/pid:1027/3208 -- state:idle -- attr:AudioAttributes: usage=USAGE_NOTIFICATION content=CONTENT_TYPE_SONIFICATION flags=0x0 tags= bundle=null
12-27 18:00:24.483  2306  2824 D Avrcp_ext: AudioManager Player: ID:143 -- type:android.media.MediaPlayer -- u/pid:1000/5873 -- state:started -- attr:AudioAttributes: usage=USAGE_UNKNOWN content=CONTENT_TYPE_UNKNOWN flags=0x0 tags= bundle=null
12-27 18:00:24.483  2306  2824 D Avrcp_ext: AudioManager isPlaying: true
12-27 18:00:24.483  2306  2824 V Avrcp_ext: updateCurrentMediaState: mMediaController: null
12-27 18:00:24.484  2306  2824 V Avrcp_ext: isMusicActive: false getBluetoothPlayState: 2
12-27 18:00:24.484  2306  2824 V Avrcp_ext: updateCurrentMediaState: isPlaying = false
12-27 18:00:24.484  5873  5873 W MediaRecorder: mediarecorder went away with unhandled events
12-27 18:00:24.484  2306  2824 V Avrcp_ext: updateCurrentMediaState: mMediaController or getPlaybackState() null
12-27 18:00:24.484  2306  2824 V Avrcp_ext: Media update: id -1➡-1? [MediaAttributes: none] : [MediaAttributes: none]
12-27 18:00:24.484  2306  2824 V Avrcp_ext: newPlayStatus:2mReportedPlayStatus:-1
12-27 18:00:24.485  2306  2824 V Avrcp_ext: updatePlaybackState, state: PlaybackState {state=2, position=-1, buffered position=0, speed=0.0, updated=121251, actions=0, custom actions=[], active item id=-1, error=null} device: null
12-27 18:00:24.485  2306  2824 V Avrcp_ext: Device: no name: 
12-27 18:00:24.485  2306  2824 V Avrcp_ext: Device: no name: 
12-27 18:00:24.485  2306  2824 V Avrcp_ext: updatePlayerStateAndPosition, old=PlaybackState {state=2, position=-1, buffered position=0, speed=0.0, updated=76765, actions=0, custom actions=[], active item id=-1, error=null}, state=PlaybackState {state=2, position=-1, buffered position=0, speed=0.0, updated=121251, actions=0, custom actions=[], active item id=-1, error=null}
12-27 18:00:24.485  2306  2824 V Avrcp_ext: old state = PlaybackState {state=2, position=-1, buffered position=0, speed=0.0, updated=76765, actions=0, custom actions=[], active item id=-1, error=null}, new state= PlaybackState {state=2, position=-1, buffered position=0, speed=0.0, updated=121251, actions=0, custom actions=[], active item id=-1, error=null}
12-27 18:00:24.485  2306  2824 D HeadsetService: getHeadsetService(): returning com.android.bluetooth.hfp.HeadsetService@f0b3546
12-27 18:00:24.486   854  6771 W Utils   : track of type 'audio/3gpp' does not publish channel mask, channel count 1
12-27 18:00:24.488  2306  2824 D HeadsetService:  isAudioOn: The number of audio connected devices 0
12-27 18:00:24.488  2306  2824 D HeadsetService: isScoOrCallActive(): Call Active:falseCall is Ringing:falseSCO is Active:false
12-27 18:00:24.489  2306  2824 D HeadsetService:  isAudioOn: The number of audio connected devices 0
12-27 18:00:24.489  2306  2824 I Avrcp_ext: updatePlayStatusForDevice: device: null
12-27 18:00:24.489  2306  2824 V Avrcp_ext: updatePlaybackState (1): old=PlaybackState {state=2, position=-1, buffered position=0, speed=0.0, updated=76765, actions=0, custom actions=[], active item id=-1, error=null}(2), new=PlaybackState {state=2, position=-1, buffered position=0, speed=0.0, updated=121251, actions=0, custom actions=[], active item id=-1, error=null}(2)
12-27 18:00:24.489  2306  2824 I Avrcp_ext: Exit updatePlayStatusForDevice
12-27 18:00:24.490  2306  2824 D HeadsetService:  isAudioOn: The number of audio connected devices 0
12-27 18:00:24.490  2306  2824 D HeadsetService: isScoOrCallActive(): Call Active:falseCall is Ringing:falseSCO is Active:false
12-27 18:00:24.491  2306  2824 D HeadsetService:  isAudioOn: The number of audio connected devices 0
12-27 18:00:24.491  2306  2824 I Avrcp_ext: updatePlayStatusForDevice: device: null
12-27 18:00:24.491  2306  2824 V Avrcp_ext: updatePlaybackState (1): old=PlaybackState {state=2, position=-1, buffered position=0, speed=0.0, updated=76765, actions=0, custom actions=[], active item id=-1, error=null}(2), new=PlaybackState {state=2, position=-1, buffered position=0, speed=0.0, updated=121251, actions=0, custom actions=[], active item id=-1, error=null}(2)
12-27 18:00:24.491  2306  2824 I Avrcp_ext: Exit updatePlayStatusForDevice
12-27 18:00:24.491  2306  2824 D Avrcp_ext: Enter sendPlayPosNotificationRsp
12-27 18:00:24.491  2306  2824 D Avrcp_ext: sendPlayPosNotificationRsp: Not registered or requesting.
12-27 18:00:24.491  2306  2824 D Avrcp_ext: Enter sendPlayPosNotificationRsp
12-27 18:00:24.491  2306  2824 D Avrcp_ext: sendPlayPosNotificationRsp: Not registered or requesting.
12-27 18:00:24.492  2306  2824 V Avrcp_ext: Exit updatePlayerStateAndPosition
12-27 18:00:24.497   528   766 D SDM     : DisplayBase::BuildLayerStackStats: LayerStack layer_count: 4, app_layer_count: 3, gpu_target_index: 3, display type: 0
12-27 18:00:24.498   854  6771 W Utils   : track of type 'audio/3gpp' does not publish channel mask, channel count 1
12-27 18:00:24.501   556   556 V AudioFlinger: getParameters() io 0, keys is_hw_dec_session_available=audio/3gpp, calling pid 854
12-27 18:00:24.501   518   782 D audio_hw_spkr_prot: audio_extn_fbsp_get_parameters: Speaker protection disabled
12-27 18:00:24.501   518   782 D audio_hw_extn: audio_extn_get_parameters: returns 
12-27 18:00:24.501   556   556 I hash_map_utils: key: 'is_hw_dec_session_available' value: 'audio/3gpp'
12-27 18:00:24.507   854  6776 I OMXClient: IOmx service obtained
12-27 18:00:24.508   885   885 I OMXMaster: makeComponentInstance(OMX.google.amrnb.decoder) in omx@1.0-service process
12-27 18:00:24.510   885   885 E OMXNodeInstance: setConfig(0xe6f9db40:google.amrnb.decoder, ConfigPriority(0x6f800002)) ERROR: Undefined(0x80001001)
12-27 18:00:24.510   854  6776 I ACodec  : codec does not support config priority (err -2147483648)
12-27 18:00:24.512   885  2546 E OMXNodeInstance: setConfig(0xe6f9db40:google.amrnb.decoder, ConfigPriority(0x6f800002)) ERROR: Undefined(0x80001001)
12-27 18:00:24.513   854  6776 I ACodec  : codec does not support config priority (err -2147483648)
12-27 18:00:24.514   885   885 E OMXNodeInstance: getConfig(0xe6f9db40:google.amrnb.decoder, ConfigAndroidVendorExtension(0x6f100004)) ERROR: Undefined(0x80001001)
12-27 18:00:24.515   854  6776 W ExtendedACodec: Failed to get extension for extradata parameter
12-27 18:00:24.515   854  6776 I MediaCodec: MediaCodec will operate in async mode
12-27 18:00:24.519   516   516 W AshmemAllocator: ashmem_create_region(8192) returning hidl_memory(0x778a41a0f0, 8192)
12-27 18:00:24.522   516   516 I chatty  : uid=1000(system) allocator@1.0-s identical 2 lines
12-27 18:00:24.523   516   516 W AshmemAllocator: ashmem_create_region(8192) returning hidl_memory(0x778a41a0f0, 8192)
12-27 18:00:24.527   516   516 W AshmemAllocator: ashmem_create_region(320) returning hidl_memory(0x778a41a0f0, 320)
12-27 18:00:24.529   516   516 I chatty  : uid=1000(system) allocator@1.0-s identical 2 lines
12-27 18:00:24.530   516   516 W AshmemAllocator: ashmem_create_region(320) returning hidl_memory(0x778a41a0f0, 320)
12-27 18:00:24.537   854  6775 I ExtendedNuUtils: Both src and dst missing for bit-width
12-27 18:00:24.537   854  6775 I ExtendedNuUtils: Overriding durationUs: with 64 bit src value 4920000
12-27 18:00:24.537   854  6775 I ExtendedNuUtils: Both src and dst missing for channel-mask
12-27 18:00:24.538   556   556 V AudioPolicyIntefaceImpl: getOutput()
12-27 18:00:24.538   556   556 V APM::AudioPolicyEngine: getDeviceForStrategy() strategy 0, device 2
12-27 18:00:24.538   556   556 V APM_AudioPolicyManager: getOutputsForDevice() device 0002
