--------- beginning of main
12-27 17:50:18.285   525   525 D SDM     : DisplayBase::BuildLayerStackStats: LayerStack layer_count: 4, app_layer_count: 3, gpu_target_index: 3, display type: 0
--------- beginning of system
12-27 17:50:18.351  2688  3745 I ActivityManager: START u0 {cmp=com.asusodm.atd.smmitest/com.wingtech.diagnostic.activity.BoardMicActivity (has extras)} from uid 1000
12-27 17:50:18.326   525   525 I chatty  : uid=1000(system) composer@2.1-se identical 2 lines
12-27 17:50:18.344   525   525 D SDM     : DisplayBase::BuildLayerStackStats: LayerStack layer_count: 4, app_layer_count: 3, gpu_target_index: 3, display type: 0
12-27 17:50:18.358  2688  3745 D ActivityTrigger: activityStartTrigger: Activity is Triggerred in full screen ApplicationInfo{ff83e61 com.asusodm.atd.smmitest}
12-27 17:50:18.358  2688  3745 E ActivityTrigger: activityStartTrigger: not whiteListedcom.asusodm.atd.smmitest/com.wingtech.diagnostic.activity.BoardMicActivity/28
12-27 17:50:18.358  2688  3745 D CompatibilityInfo: mCompatibilityFlags - 0
12-27 17:50:18.358  2688  3745 D CompatibilityInfo: applicationDensity - 480
12-27 17:50:18.358  2688  3745 D CompatibilityInfo: applicationScale - 1.0
12-27 17:50:18.360  2688  3745 D ActivityTrigger: activityResumeTrigger: The activity in ApplicationInfo{ff83e61 com.asusodm.atd.smmitest} is now in focus and seems to be in full-screen mode
12-27 17:50:18.361  2688  3745 E ActivityTrigger: activityResumeTrigger: not whiteListedcom.asusodm.atd.smmitest/com.wingtech.diagnostic.activity.BoardMicActivity/28
12-27 17:50:18.361  2688  3745 D ActivityTrigger: ActivityTrigger activityPauseTrigger 
12-27 17:50:18.362   525   525 D SDM     : DisplayBase::BuildLayerStackStats: LayerStack layer_count: 4, app_layer_count: 3, gpu_target_index: 3, display type: 0
12-27 17:50:18.374  2688  7482 D ActivityTrigger: activityResumeTrigger: The activity in ApplicationInfo{ff83e61 com.asusodm.atd.smmitest} is now in focus and seems to be in full-screen mode
12-27 17:50:18.374  2688  7482 E ActivityTrigger: activityResumeTrigger: not whiteListedcom.asusodm.atd.smmitest/com.wingtech.diagnostic.activity.BoardMicActivity/28
12-27 17:50:18.375   540   540 E ANDR-PERF-MPCTL: Request not accepted, as target initialization is not complete.
12-27 17:50:18.377  2688  7482 D ActivityManager: [MemInfo] Process already exists before starting ActivityRecord{d08bbb u0 com.asusodm.atd.smmitest/com.wingtech.diagnostic.activity.BoardMicActivity t39}. System free memory=2006896640
12-27 17:50:18.380   525   525 D SDM     : DisplayBase::BuildLayerStackStats: LayerStack layer_count: 4, app_layer_count: 3, gpu_target_index: 3, display type: 0
12-27 17:50:18.381  2688  7482 D WindowManager: adjustConfigurationLw, config:{0 1.0 460mcc2mnc [en_US] ldltr sw360dp w360dp h652dp 480dpi nrml long port finger -keyb/v/h -nav/v winConfig={ mBounds=Rect(0, 0 - 1080, 2028) mAppBounds=Rect(0, 0 - 1080, 2028) mWindowingMode=fullscreen mActivityType=undefined} s.7} mLidState:-1 mHasKeyboardFeature:false mHasHallSensorFeature:false config.hardKeyboardHidden:2
12-27 17:50:18.393   525   525 D SDM     : DisplayBase::BuildLayerStackStats: LayerStack layer_count: 4, app_layer_count: 3, gpu_target_index: 3, display type: 0
12-27 17:50:18.406  2688  7482 D CompatibilityInfo: mCompatibilityFlags - 0
12-27 17:50:18.406  2688  7482 D CompatibilityInfo: applicationDensity - 480
12-27 17:50:18.406  2688  7482 D CompatibilityInfo: applicationScale - 1.0
12-27 17:50:18.410   525   525 D SDM     : DisplayBase::BuildLayerStackStats: LayerStack layer_count: 4, app_layer_count: 3, gpu_target_index: 3, display type: 0
12-27 17:50:18.411  2688  7482 D ActivityManager: HQ-Asus : ThermalWhiteListMaps size is 0!
12-27 17:50:18.421 20202 20202 W ActivityThread: handleWindowVisibility: no activity for token android.os.BinderProxy@bfb60e8
12-27 17:50:18.426   525   525 D SDM     : DisplayBase::BuildLayerStackStats: LayerStack layer_count: 4, app_layer_count: 3, gpu_target_index: 3, display type: 0
12-27 17:50:18.443   525   525 D SDM     : DisplayBase::BuildLayerStackStats: LayerStack layer_count: 4, app_layer_count: 3, gpu_target_index: 3, display type: 0
12-27 17:50:18.446  3843  3896 D GameAppHandler: packageName: com.asusodm.atd.smmitest taskId: 39 reason: minimalResumeActivityLocked isExternalDisplay: false mTwinViewModeEnabled: false
12-27 17:50:18.446  3843  3896 D GameAppHandler: intent: Intent { cmp=com.asusodm.atd.smmitest/com.wingtech.diagnostic.activity.BoardMicActivity (has extras) } action: null className: com.wingtech.diagnostic.activity.BoardMicActivity
12-27 17:50:18.450  3526  3526 D StatusBar: mTopActivityClassName:com.wingtech.diagnostic.activity.BoardMicActivity
12-27 17:50:18.454 20202 20202 V Monotype: SetAppTypeFace- try to flip, app = com.asusodm.atd.smmitest
12-27 17:50:18.454 20202 20202 V Monotype:     Typeface getFontPathFlipFont - systemFont = default#default
12-27 17:50:18.460   525   525 D SDM     : DisplayBase::BuildLayerStackStats: LayerStack layer_count: 4, app_layer_count: 3, gpu_target_index: 3, display type: 0
12-27 17:50:18.464  3843  3896 D GameAppHandler: PACKAGE_NAME: com.asusodm.atd.smmitest, isAutoStart: false
12-27 17:50:18.473  3843  3896 D GameAppHandler: isGameGenieStart false
12-27 17:50:18.474  3843  3896 D GameAppHandler: triggerGameGenieIntent isKeyguradLocked: false
12-27 17:50:18.475  3843  3896 D GameAppHandler: mLastTriggerIntent: null
12-27 17:50:18.475  1956  7874 W StagefrightRecorder: stop while neither recording nor paused
12-27 17:50:18.477   525   525 D SDM     : DisplayBase::BuildLayerStackStats: LayerStack layer_count: 4, app_layer_count: 3, gpu_target_index: 3, display type: 0
12-27 17:50:18.483  3843  3896 D GameAppHandler: PACKAGE_NAME: com.asusodm.atd.smmitest, isAutoStart: false
12-27 17:50:18.489  3843  3896 D GameAppHandler: PACKAGE_NAME: com.asusodm.atd.smmitest, isGame: false
12-27 17:50:18.491  3843  3896 D OpenedTimeAppInfoProvider: Update DB : number of affected records : 1
12-27 17:50:18.493   525   525 D SDM     : DisplayBase::BuildLayerStackStats: LayerStack layer_count: 4, app_layer_count: 3, gpu_target_index: 3, display type: 0
12-27 17:50:18.493  3843  3896 I AppOpsStatusUpdateHandler: pkgName = com.asusodm.atd.smmitest
12-27 17:50:18.493  3843  3896 I AppOpsStatusUpdateHandler: taskId = 39
12-27 17:50:18.493  3843  3896 D CNAppLockHandler: CNAppLockHandler handleAppFocus
12-27 17:50:18.499  3843  3896 D GameBrightnessHandler: PACKAGE_NAME: com.asusodm.atd.smmitest, isGame: false
12-27 17:50:18.499   515   695 D audio_hw_primary: adev_open_input_stream: enter: sample_rate(8000) channel_mask(0x10) devices(0x80000080)        stream_handle(0xf43378c0) io_handle(150) source(1) format 1
12-27 17:50:18.499   515   695 W audio_hw_utils: audio_extn_utils_update_stream_input_app_type_cfg: App type could not be selected. Falling back to default
12-27 17:50:18.504  3843  3896 D GameBrightnessHandler: PACKAGE_NAME: com.asusodm.atd.smmitest, isAutoStart: false
12-27 17:50:18.504  3843  3896 D GameBrightnessHandler: packageName: com.asusodm.atd.smmitest taskId: 39 reason: minimalResumeActivityLocked isExternalDisplay: false mIsAsusStationDocked: false
12-27 17:50:18.504  3843  3896 D GameBrightnessHandler: intent: Intent { cmp=com.asusodm.atd.smmitest/com.wingtech.diagnostic.activity.BoardMicActivity (has extras) } action: null className: com.wingtech.diagnostic.activity.BoardMicActivity
12-27 17:50:18.505  3843  3896 D GameBrightnessHandler: isGame: false isAutoStart: false mIsBrightnessModeOverwriten: false mCurrentBrightnessMode: 1
12-27 17:50:18.505  3843  3896 D GameBrightnessHandler: handleFocusChanged: mPhoneIsGame: false mStationIsGame: false mIsBrightnessModeOverwriten: false mCurrentBrightnessMode: 1 isDisableAutoBrightness: false
12-27 17:50:18.506   553 20443 I AudioFlinger: AudioFlinger's thread 0xe5e03bc0 tid=20443 ready to run
12-27 17:50:18.506   515  9282 D audio_hw_primary: in_standby: enter: stream (0xf43378c0) usecase(18: audio-record)
12-27 17:50:18.507  1956  2129 W AudioRecord: Server adjusted notificationFrames from 1024 to 160 for frameCount 2048
12-27 17:50:18.510   525   525 D SDM     : DisplayBase::BuildLayerStackStats: LayerStack layer_count: 4, app_layer_count: 3, gpu_target_index: 3, display type: 0
12-27 17:50:18.512   515  9282 D audio_hw_primary: in_standby: enter: stream (0xf43378c0) usecase(18: audio-record)
12-27 17:50:18.522  1956 20444 I OMXClient: IOmx service obtained
12-27 17:50:18.522  1962  3905 I OMXMaster: makeComponentInstance(OMX.google.amrnb.encoder) in omx@1.0-service process
12-27 17:50:18.525  1956 20444 I MediaCodec: MediaCodec will operate in async mode
12-27 17:50:18.526  1962  3905 E OMXNodeInstance: setConfig(0xe9b1dba0:google.amrnb.encoder, ConfigPriority(0x6f800002)) ERROR: Undefined(0x80001001)
12-27 17:50:18.526   525   525 D SDM     : DisplayBase::BuildLayerStackStats: LayerStack layer_count: 4, app_layer_count: 3, gpu_target_index: 3, display type: 0
12-27 17:50:18.527  1956 20444 I ACodec  : codec does not support config priority (err -2147483648)
12-27 17:50:18.531  1962  3905 E OMXNodeInstance: setConfig(0xe9b1dba0:google.amrnb.encoder, ConfigPriority(0x6f800002)) ERROR: Undefined(0x80001001)
12-27 17:50:18.531  1956 20444 I ACodec  : codec does not support config priority (err -2147483648)
12-27 17:50:18.532  1962  3905 E OMXNodeInstance: getConfig(0xe9b1dba0:google.amrnb.encoder, ConfigAndroidVendorExtension(0x6f100004)) ERROR: Undefined(0x80001001)
12-27 17:50:18.533  1956 20444 W ExtendedACodec: Failed to get extension for extradata parameter
12-27 17:50:18.537   513   513 W AshmemAllocator: ashmem_create_region(2048) returning hidl_memory(0x759cc1a0f0, 2048)
12-27 17:50:18.541   513   513 I chatty  : uid=1000(system) allocator@1.0-s identical 2 lines
12-27 17:50:18.542   513   513 W AshmemAllocator: ashmem_create_region(2048) returning hidl_memory(0x759cc1a0f0, 2048)
12-27 17:50:18.544   525   525 D SDM     : DisplayBase::BuildLayerStackStats: LayerStack layer_count: 4, app_layer_count: 3, gpu_target_index: 3, display type: 0
12-27 17:50:18.549   513   513 W AshmemAllocator: ashmem_create_region(8192) returning hidl_memory(0x759cc1a0f0, 8192)
12-27 17:50:18.551   513   513 I chatty  : uid=1000(system) allocator@1.0-s identical 2 lines
12-27 17:50:18.553   513   513 W AshmemAllocator: ashmem_create_region(8192) returning hidl_memory(0x759cc1a0f0, 8192)
12-27 17:50:18.554  1956  2129 I MPEG4Writer: limits: 4294967295/0 bytes/us, bit rate: 12200 bps and the estimated moov size 3191 bytes
12-27 17:50:18.555  1956 20441 I MediaCodecSource: MediaCodecSource (audio) starting
12-27 17:50:18.560   525   525 D SDM     : DisplayBase::BuildLayerStackStats: LayerStack layer_count: 4, app_layer_count: 3, gpu_target_index: 3, display type: 0
12-27 17:50:18.564   515   695 D audio_hw_primary: in_set_parameters: enter: kvpairs=a2dp_sink_address=back;input_source=1;routing=-2147483520
12-27 17:50:18.567   553  1186 I SoundTriggerHwService::Module: onCallbackEvent no clients
12-27 17:50:18.569  1956 20441 I MediaCodecSource: MediaCodecSource (audio) started
12-27 17:50:18.570   515 20449 D audio_hw_primary: start_input_stream: enter: stream(0xf43378c0)usecase(18: audio-record)
12-27 17:50:18.570   540   540 E ANDR-PERF-MPCTL: Request not accepted, as target initialization is not complete.
12-27 17:50:18.570   515 20449 E audio_hw_extn: audio_extn_perf_lock_acquire: Failed to acquire perf lock, err: -1
12-27 17:50:18.570   515 20449 D audio_hw_primary: select_devices for use case (audio-record)
12-27 17:50:18.570   515 20449 D audio_hw_primary: select_devices: out_snd_device(0: ) in_snd_device(75: speaker-mic)
12-27 17:50:18.570   515 20449 I msm8916_platform: platform_check_and_set_capture_codec_backend_cfg:txbecf: afe: bitwidth 16, samplerate 8000, channel 1 format 1, backend_idx 7 usecase = 18 device (speaker-mic)
12-27 17:50:18.570   515 20449 I msm8916_platform: platform_check_capture_codec_backend_cfg:txbecf: afe: Codec selected backend: 7 current bit width: 16 and sample rate: 8000, channels 1 format 1
12-27 17:50:18.570   515 20449 W msm8916_platform: platform_check_capture_codec_backend_cfg:txbecf: afe:Use default bw and sr for voice/voip calls
12-27 17:50:18.570   515 20449 I msm8916_platform: platform_check_capture_codec_backend_cfg:txbecf: afe: Codec selected backend: 7 updated bit width: 16 and sample rate: 48000
12-27 17:50:18.570   515 20449 D audio_hw_primary: check_usecases_capture_codec_backend:becf: force routing 0
12-27 17:50:18.570   515 20449 D hardware_info: hw_info_append_hw_type : device_name = speaker-mic
12-27 17:50:18.571   515 20449 D msm8916_platform: platform_split_snd_device: snd_device(75) num devices(0) new_snd_devices(0)
12-27 17:50:18.571   515 20449 D audio_hw_primary: enable_snd_device: snd_device(75: speaker-mic)
12-27 17:50:18.571   515 20449 I soundtrigger: audio_extn_sound_trigger_update_device_status: device 0x4b of type 1 for Event 1, with Raise=1
12-27 17:50:18.571   515 20449 D sound_trigger_platform: platform_stdev_check_and_update_concurrency: concurrency active 0, tx 1, rx 0, concurrency session_allowed 0
12-27 17:50:18.571   515 20449 D audio_route: Apply path: speaker-mic
12-27 17:50:18.577   525   525 D SDM     : DisplayBase::BuildLayerStackStats: LayerStack layer_count: 4, app_layer_count: 3, gpu_target_index: 3, display type: 0
12-27 17:50:18.583   515 20449 W audio_hw_utils: audio_extn_utils_update_stream_input_app_type_cfg: App type could not be selected. Falling back to default
12-27 17:50:18.583   515 20449 D audio_hw_utils: audio_extn_utils_send_app_type_cfg: usecase->in_snd_device speaker-mic
12-27 17:50:18.583   515 20449 D msm8916_platform: platform_split_snd_device: snd_device(75) num devices(0) new_snd_devices(0)
12-27 17:50:18.584   515 20449 E msm8916_platform: platform_get_snd_device_backend_index: BE DAI Name Table is not present
12-27 17:50:18.584   515 20449 E audio_hw_utils: send_app_type_cfg_for_device: Couldn't get the backend index for snd device speaker-mic ret=-14
12-27 17:50:18.584   515 20449 I audio_hw_utils: send_app_type_cfg_for_device CAPTURE app_type 69938, acdb_dev_id 11, sample_rate 48000, snd_device_be_idx -14
12-27 17:50:18.584   515 20449 D msm8916_platform: platform_split_snd_device: snd_device(75) num devices(1) new_snd_devices(0)
12-27 17:50:18.584   515 20449 D ACDB-LOADER: ACDB -> send_audio_cal, acdb_id = 11, path = 1, app id = 0x11132, sample rate = 48000
12-27 17:50:18.584   515 20449 D ACDB-LOADER: ACDB -> send_asm_topology
12-27 17:50:18.584   515 20449 D ACDB-LOADER: ACDB -> ACDB_CMD_GET_AUDPROC_STREAM_TOPOLOGY_ID
12-27 17:50:18.584   515 20449 D ACDB-LOADER: ACDB -> send_adm_topology
12-27 17:50:18.584   515 20449 D ACDB-LOADER: ACDB -> ACDB_CMD_GET_AUDPROC_COMMON_TOPOLOGY_ID
12-27 17:50:18.584   515 20449 D ACDB-LOADER: ACDB -> send_audtable
12-27 17:50:18.584   515 20449 D ACDB-LOADER: ACDB -> ACDB_CMD_GET_AUDPROC_COMMON_TABLE_SIZE
12-27 17:50:18.584   515 20449 D ACDB-LOADER: ACDB -> ACDB_CMD_GET_AUDPROC_COMMON_TABLE
12-27 17:50:18.585   515 20449 D ACDB-LOADER: ACDB -> AUDIO_SET_AUDPROC_CAL
12-27 17:50:18.585   515 20449 D ACDB-LOADER: ACDB -> send_audvoltable
12-27 17:50:18.585   515 20449 D ACDB-LOADER: ACDB -> ACDB_CMD_GET_AUDPROC_VOL_STEP_TABLE_SIZE
12-27 17:50:18.585   515 20449 D ACDB-LOADER: ACDB -> ACDB_CMD_GET_AUDPROC_GAIN_DEP_STEP_TABLE, vol index 0
12-27 17:50:18.585   515 20449 D         : Failed to fetch the lookup information of the device 0000000B 
12-27 17:50:18.585   515 20449 E ACDB-LOADER: Error: ACDB AudProc vol returned = -19
12-27 17:50:18.585   515 20449 D ACDB-LOADER: ACDB -> AUDIO_SET_VOL_CAL cal type = 12
12-27 17:50:18.585   515 20449 D ACDB-LOADER: ACDB -> ACDB_CMD_GET_AUDPROC_STREAM_TABLE_SIZE
12-27 17:50:18.585   515 20449 D ACDB-LOADER: ACDB -> send_audstrmtable
12-27 17:50:18.585   515 20449 D ACDB-LOADER: ACDB -> ACDB_CMD_GET_AUDPROC_STREAM_TABLE_V2
12-27 17:50:18.585   515 20449 D ACDB-LOADER: ACDB -> audstrm_cal->cal_type.cal_data.cal_size = 16
12-27 17:50:18.585   515 20449 D ACDB-LOADER: ACDB -> send_afe_topology
12-27 17:50:18.585   515 20449 D ACDB-LOADER: ACDB -> ACDB_CMD_GET_AFE_TOPOLOGY_ID
12-27 17:50:18.585   515 20449 D ACDB-LOADER: ACDB -> GET_AFE_TOPOLOGY_ID for adcd_id 11, Topology Id 112fb
12-27 17:50:18.585   515 20449 D ACDB-LOADER: ACDB -> send_afe_cal
12-27 17:50:18.585   515 20449 D ACDB-LOADER: ACDB -> ACDB_CMD_GET_AFE_COMMON_TABLE_SIZE
12-27 17:50:18.585   515 20449 D         : Failed to fetch the lookup information of the device 0000000B 
12-27 17:50:18.585   515 20449 E ACDB-LOADER: Error: ACDB_CMD_GET_AFE_COMMON_TABLE_SIZE Returned = -19
12-27 17:50:18.585   515 20449 D ACDB-LOADER: ACDB -> ACDB_CMD_GET_AFE_COMMON_TABLE
12-27 17:50:18.585   515 20449 D         : Failed to fetch the lookup information of the device 0000000B 
12-27 17:50:18.585   515 20449 E ACDB-LOADER: Error: ACDB AFE returned = -19
12-27 17:50:18.585   515 20449 D ACDB-LOADER: ACDB -> AUDIO_SET_AFE_CAL
12-27 17:50:18.585   515 20449 D ACDB-LOADER: ACDB -> send_hw_delay : acdb_id = 11 path = 1
12-27 17:50:18.585   515 20449 D ACDB-LOADER: ACDB -> ACDB_AVSYNC_INFO: ACDB_CMD_GET_DEVICE_PROPERTY
12-27 17:50:18.585   515 20449 D audio_hw_primary: enable_audio_route: apply mixer and update path: audio-record
12-27 17:50:18.585   515 20449 D audio_route: Apply path: audio-record
12-27 17:50:18.587   515 20449 D audio_hw_primary: select_devices: done
12-27 17:50:18.595   525   525 D SDM     : DisplayBase::BuildLayerStackStats: LayerStack layer_count: 4, app_layer_count: 3, gpu_target_index: 3, display type: 0
12-27 17:50:18.628   525   525 I chatty  : uid=1000(system) composer@2.1-se identical 2 lines
12-27 17:50:18.644   525   525 D SDM     : DisplayBase::BuildLayerStackStats: LayerStack layer_count: 4, app_layer_count: 3, gpu_target_index: 3, display type: 0
12-27 17:50:18.650   515 20449 E audio_hw_extn: audio_extn_perf_lock_release: Perf lock release error 
12-27 17:50:18.650   515 20449 D audio_hw_primary: start_input_stream: exit
12-27 17:50:18.662   525   525 D SDM     : DisplayBase::BuildLayerStackStats: LayerStack layer_count: 4, app_layer_count: 3, gpu_target_index: 3, display type: 0
12-27 17:50:18.671  1956 20450 I MPEG4Writer: setStartTimestampUs: 93337
12-27 17:50:18.671  1956 20450 I MPEG4Writer: Earliest track starting time: 93337
12-27 17:50:18.677   525   525 D SDM     : DisplayBase::BuildLayerStackStats: LayerStack layer_count: 4, app_layer_count: 3, gpu_target_index: 3, display type: 0
12-27 17:50:18.687  3476  3476 D XT9IME  : onStartInput isInputViewShown() = false isShowInputRequested() = false
12-27 17:50:18.687  2688  2837 I ActivityManager: Displayed com.asusodm.atd.smmitest/com.wingtech.diagnostic.activity.BoardMicActivity: +299ms
12-27 17:50:18.693  3843  3895 D GameAppHandler: packageName: com.asusodm.atd.smmitest taskId: 39 reason: report-launched isExternalDisplay: false mTwinViewModeEnabled: false
12-27 17:50:18.693  3843  3895 D GameAppHandler: intent: Intent { cmp=com.asusodm.atd.smmitest/com.wingtech.diagnostic.activity.BoardMicActivity (has extras) } action: null className: com.wingtech.diagnostic.activity.BoardMicActivity
12-27 17:50:18.694   525   525 D SDM     : DisplayBase::BuildLayerStackStats: LayerStack layer_count: 4, app_layer_count: 3, gpu_target_index: 3, display type: 0
12-27 17:50:18.698  3843  3895 D GameAppHandler: PACKAGE_NAME: com.asusodm.atd.smmitest, isAutoStart: false
12-27 17:50:18.707  3843  3895 D GameAppHandler: isGameGenieStart false
12-27 17:50:18.710  3843  3895 D GameAppHandler: triggerGameGenieIntent isKeyguradLocked: false
12-27 17:50:18.710  3843  3895 D GameAppHandler: mLastTriggerIntent: null
12-27 17:50:18.712   525   525 D SDM     : DisplayBase::BuildLayerStackStats: LayerStack layer_count: 5, app_layer_count: 4, gpu_target_index: 4, display type: 0
12-27 17:50:18.715  3843  3895 D GameAppHandler: PACKAGE_NAME: com.asusodm.atd.smmitest, isAutoStart: false
12-27 17:50:18.723  3843  3895 D GameAppHandler: PACKAGE_NAME: com.asusodm.atd.smmitest, isGame: false
12-27 17:50:18.725  3843  3895 D OpenedTimeAppInfoProvider: Update DB : number of affected records : 1
12-27 17:50:18.728   525   525 D SDM     : DisplayBase::BuildLayerStackStats: LayerStack layer_count: 5, app_layer_count: 4, gpu_target_index: 4, display type: 0
12-27 17:50:18.739  3843  3895 I AppOpsStatusUpdateHandler: pkgName = com.asusodm.atd.smmitest
12-27 17:50:18.739  3843  3895 I AppOpsStatusUpdateHandler: taskId = 39
12-27 17:50:18.739  3843  3895 D CNAppLockHandler: CNAppLockHandler handleAppFocus
12-27 17:50:18.745   525   525 D SDM     : DisplayBase::BuildLayerStackStats: LayerStack layer_count: 5, app_layer_count: 4, gpu_target_index: 4, display type: 0
12-27 17:50:18.747  3843  3895 D GameBrightnessHandler: PACKAGE_NAME: com.asusodm.atd.smmitest, isGame: false
12-27 17:50:18.753  3843  3895 D GameBrightnessHandler: PACKAGE_NAME: com.asusodm.atd.smmitest, isAutoStart: false
12-27 17:50:18.753  3843  3895 D GameBrightnessHandler: packageName: com.asusodm.atd.smmitest taskId: 39 reason: report-launched isExternalDisplay: false mIsAsusStationDocked: false
12-27 17:50:18.753  3843  3895 D GameBrightnessHandler: intent: Intent { cmp=com.asusodm.atd.smmitest/com.wingtech.diagnostic.activity.BoardMicActivity (has extras) } action: null className: com.wingtech.diagnostic.activity.BoardMicActivity
12-27 17:50:18.753  3843  3895 D GameBrightnessHandler: isGame: false isAutoStart: false mIsBrightnessModeOverwriten: false mCurrentBrightnessMode: 1
12-27 17:50:18.754  3843  3895 D GameBrightnessHandler: handleFocusChanged: mPhoneIsGame: false mStationIsGame: false mIsBrightnessModeOverwriten: false mCurrentBrightnessMode: 1 isDisableAutoBrightness: false
12-27 17:50:18.761   525   525 D SDM     : DisplayBase::BuildLayerStackStats: LayerStack layer_count: 5, app_layer_count: 4, gpu_target_index: 4, display type: 0
12-27 17:50:18.995   525   525 I chatty  : uid=1000(system) composer@2.1-se identical 14 lines
12-27 17:50:19.011   525   525 D SDM     : DisplayBase::BuildLayerStackStats: LayerStack layer_count: 5, app_layer_count: 4, gpu_target_index: 4, display type: 0
12-27 17:50:19.029   525   525 D SDM     : DisplayBase::BuildLayerStackStats: LayerStack layer_count: 4, app_layer_count: 3, gpu_target_index: 3, display type: 0
12-27 17:50:19.044   525   525 D SDM     : DisplayBase::BuildLayerStackStats: LayerStack layer_count: 4, app_layer_count: 3, gpu_target_index: 3, display type: 0
12-27 17:50:19.054  2688  2798 D ActivityTrigger: ActivityTrigger activityStopTrigger 
12-27 17:50:19.062   525   525 D SDM     : DisplayBase::BuildLayerStackStats: LayerStack layer_count: 4, app_layer_count: 3, gpu_target_index: 3, display type: 0
12-27 17:50:19.143   525   525 I chatty  : uid=1000(system) composer@2.1-se identical 3 lines
12-27 17:50:19.226   525   525 D SDM     : DisplayBase::BuildLayerStackStats: LayerStack layer_count: 4, app_layer_count: 3, gpu_target_index: 3, display type: 0
12-27 17:50:19.887  1942  2031 D ThermalEngine: sensor_wait: case_therm Wait done.
12-27 17:50:19.888  1942  2031 D ThermalEngine: sensor_monitor: case_therm Reading 33000 .
12-27 17:50:19.888  1942  2031 I ThermalEngine: Sensor:case_therm:33000 mC
12-27 17:50:19.888  1942  2031 D ThermalEngine: update_active_thresh: case_therm Active(1), Hi(1) 45000, Lo(0) -2147483648, desc(0) Interval(1) 10000
12-27 17:50:19.888  1942  2031 D ThermalEngine: sensor_monitor: case_therm Sensor wait.
12-27 17:50:19.888  1942  2031 D ThermalEngine: sensor_wait: case_therm Wait start. 10000ms
12-27 17:50:20.483  2688  3595 I WifiService: acquireWifiLock uid=10020 lockMode=2
12-27 17:50:20.513  3632  9823 D PhoneInterfaceManager: [PhoneIntfMgr] getAllCellInfo: is active user
12-27 17:50:20.544  2688  3595 I WifiService: releaseWifiLock uid=10020
12-27 17:50:22.273  1960  2110 E storaged: getDiskStats failed with result NOT_SUPPORTED and size 0
12-27 17:50:23.572  1956  2129 D MPEG4Writer: Audio track stopping. Stop source
12-27 17:50:23.572  1956  2129 D MPEG4Writer: Audio track source stopping
12-27 17:50:23.572  1956 20441 I MediaCodecSource: encoder (audio) stopping
12-27 17:50:23.589  1956 20450 I MPEG4Writer: Received total/0-length (246/0) buffers and encoded 246 frames. - Audio
12-27 17:50:23.589  1956 20450 I MPEG4Writer: Audio track drift time: 0 us
12-27 17:50:23.597  1956 20441 I MediaCodecSource: encoder (audio) stopped
12-27 17:50:23.609   515  9282 D audio_hw_primary: in_standby: enter: stream (0xf43378c0) usecase(18: audio-record)
12-27 17:50:23.659   515  9282 D audio_hw_primary: disable_audio_route: reset and update mixer path: audio-record
12-27 17:50:23.660   515  9282 D hardware_info: hw_info_append_hw_type : device_name = speaker-mic
12-27 17:50:23.660   515  9282 D audio_hw_primary: disable_snd_device: snd_device(75: speaker-mic)
12-27 17:50:23.660   515  9282 D msm8916_platform: platform_split_snd_device: snd_device(75) num devices(0) new_snd_devices(0)
12-27 17:50:23.670   515  9282 I soundtrigger: audio_extn_sound_trigger_update_device_status: device 0x4b of type 1 for Event 0, with Raise=1
12-27 17:50:23.670   515  9282 D sound_trigger_platform: platform_stdev_check_and_update_concurrency: concurrency active 0, tx 0, rx 0, concurrency session_allowed 1
12-27 17:50:23.676   515  9282 D audio_hw_primary: in_set_parameters: enter: kvpairs=routing=0
12-27 17:50:23.677   553  1186 I SoundTriggerHwService::Module: onCallbackEvent no clients
12-27 17:50:23.677  1956  2129 D MPEG4Writer: Audio track source stopped
12-27 17:50:23.677  1956  2129 D MPEG4Writer: Audio track stopped. Stop source
12-27 17:50:23.677  1956  2129 D MPEG4Writer: Stopping writer thread
12-27 17:50:23.678  1956 20447 D MPEG4Writer: 0 chunks are written in the last batch
12-27 17:50:23.678  1956  2129 D MPEG4Writer: Writer thread stopped
12-27 17:50:23.678  1956  2129 I MPEG4Writer: Ajust the moov start time from 93337 us -> 93337 us
12-27 17:50:23.678  1956  2129 D MPEG4Writer: Audio track stopping. Stop source
12-27 17:50:23.681  1956  2129 W StagefrightRecorder: stop while neither recording nor paused
12-27 17:50:23.686 20202 20202 D BoardMicActivity: synchronized mPlayer start
12-27 17:50:23.688   515  9282 D audio_hw_primary: adev_close_input_stream: enter:stream_handle(0xf43378c0)
12-27 17:50:23.688   515  9282 D audio_hw_primary: in_standby: enter: stream (0xf43378c0) usecase(18: audio-record)
12-27 17:50:23.696  1956  2129 D NuPlayerDriver: NuPlayerDriver(0xea40b300) created, clientPid(20202)
12-27 17:50:23.701  1956  2129 I ExtendedNuUtils: printFileName fd(23) -> /storage/emulated/0/test.pcm
12-27 17:50:23.702 20202 20202 D BoardMicActivity: startplay mPlayer.prepare() start
12-27 17:50:23.706  1956 20455 D GenericSource: FileSource remote
12-27 17:50:23.711  1954  2137 I MMParserExtractor: Created(0x7335443620)
12-27 17:50:23.718  1956 20455 W BpMediaSource: ignoring potentially modified MetaData from start
12-27 17:50:23.718  1956 20455 W BpMediaSource: input:
12-27 17:50:23.718  1956 20455 I MetaDataBase: bytm: (int32_t) 2
12-27 17:50:23.718  1956 20455 W BpMediaSource: output:
12-27 17:50:23.718  1956 20455 I MetaDataBase: bytm: (int32_t) 0
12-27 17:50:23.718  1956 20454 D NuPlayerDriver: notifyListener_l(0xea40b300), (1, 0, 0, -1), loop setting(0, 0)
12-27 17:50:23.725  2688  2688 V MediaRouter: onRestoreRoute() : route=RouteInfo{ name=Phone, description=null, status=null, category=RouteCategory{ name=System types=ROUTE_TYPE_LIVE_AUDIO ROUTE_TYPE_LIVE_VIDEO  groupable=false }, supportedTypes=ROUTE_TYPE_LIVE_AUDIO ROUTE_TYPE_LIVE_VIDEO , presentationDisplay=null }
12-27 17:50:23.725  1956  7874 D NuPlayerDriver: start(0xea40b300), state is 4, eos is 0
12-27 17:50:23.725  2688  2688 V MediaRouter: Selecting route: RouteInfo{ name=Phone, description=null, status=null, category=RouteCategory{ name=System types=ROUTE_TYPE_LIVE_AUDIO ROUTE_TYPE_LIVE_VIDEO  groupable=false }, supportedTypes=ROUTE_TYPE_LIVE_AUDIO ROUTE_TYPE_LIVE_VIDEO , presentationDisplay=null }
12-27 17:50:23.725 20202 20202 D BoardMicActivity: startplay mPlayer.start() end
12-27 17:50:23.725  3509  3915 D Avrcp_ext: AudioManager Player: ID:71 -- type:android.media.SoundPool -- u/pid:10004/3526 -- state:idle -- attr:AudioAttributes: usage=USAGE_ASSISTANCE_SONIFICATION content=CONTENT_TYPE_SONIFICATION flags=0x0 tags= bundle=null
12-27 17:50:23.726  3509  3915 D Avrcp_ext: AudioManager Player: ID:119 -- type:android.media.MediaPlayer -- u/pid:10004/3526 -- state:stopped -- attr:AudioAttributes: usage=USAGE_ASSISTANCE_SONIFICATION content=CONTENT_TYPE_SONIFICATION flags=0x0 tags= bundle=null
12-27 17:50:23.726  3509  3915 D Avrcp_ext: AudioManager Player: ID:151 -- type:android.media.MediaPlayer -- u/pid:10004/3526 -- state:stopped -- attr:AudioAttributes: usage=USAGE_NOTIFICATION content=CONTENT_TYPE_SONIFICATION flags=0x0 tags= bundle=null
12-27 17:50:23.726  3509  3915 D Avrcp_ext: AudioManager Player: ID:183 -- type:android.media.MediaPlayer -- u/pid:10004/3526 -- state:stopped -- attr:AudioAttributes: usage=USAGE_ASSISTANCE_SONIFICATION content=CONTENT_TYPE_SONIFICATION flags=0x0 tags= bundle=null
12-27 17:50:23.726  3509  3915 D Avrcp_ext: AudioManager Player: ID:263 -- type:android.media.MediaPlayer -- u/pid:1000/20202 -- state:started -- attr:AudioAttributes: usage=USAGE_UNKNOWN content=CONTENT_TYPE_UNKNOWN flags=0x0 tags= bundle=null
12-27 17:50:23.726  3509  3915 D Avrcp_ext: AudioManager isPlaying: true
12-27 17:50:23.726  3509  3915 V Avrcp_ext: updateCurrentMediaState: mMediaController: null
12-27 17:50:23.727 20202 20202 W MediaRecorder: mediarecorder went away with unhandled events
12-27 17:50:23.728  3509  3915 V Avrcp_ext: isMusicActive: false getBluetoothPlayState: 2
12-27 17:50:23.728  3509  3915 V Avrcp_ext: updateCurrentMediaState: isPlaying = false
12-27 17:50:23.728  3509  3915 V Avrcp_ext: updateCurrentMediaState: mMediaController or getPlaybackState() null
12-27 17:50:23.728  3509  3915 V Avrcp_ext: Media update: id -1➡-1? [MediaAttributes: none] : [MediaAttributes: none]
12-27 17:50:23.728  3509  3915 V Avrcp_ext: newPlayStatus:2mReportedPlayStatus:-1
12-27 17:50:23.728  3509  3915 V Avrcp_ext: updatePlaybackState, state: PlaybackState {state=2, position=-1, buffered position=0, speed=0.0, updated=8284038, actions=0, custom actions=[], active item id=-1, error=null} device: null
12-27 17:50:23.728  3509  3915 V Avrcp_ext: Device: no name: 
12-27 17:50:23.728  3509  3915 V Avrcp_ext: Device: no name: 
12-27 17:50:23.728  3509  3915 V Avrcp_ext: updatePlayerStateAndPosition, old=PlaybackState {state=2, position=-1, buffered position=0, speed=0.0, updated=8244940, actions=0, custom actions=[], active item id=-1, error=null}, state=PlaybackState {state=2, position=-1, buffered position=0, speed=0.0, updated=8284038, actions=0, custom actions=[], active item id=-1, error=null}
12-27 17:50:23.728  3509  3915 V Avrcp_ext: old state = PlaybackState {state=2, position=-1, buffered position=0, speed=0.0, updated=8244940, actions=0, custom actions=[], active item id=-1, error=null}, new state= PlaybackState {state=2, position=-1, buffered position=0, speed=0.0, updated=8284038, actions=0, custom actions=[], active item id=-1, error=null}
12-27 17:50:23.728  3509  3915 D HeadsetService: getHeadsetService(): returning com.android.bluetooth.hfp.HeadsetService@49b3129
12-27 17:50:23.729  1956 20454 I GenericSource: start
12-27 17:50:23.730  3509  3915 D HeadsetService:  isAudioOn: The number of audio connected devices 0
12-27 17:50:23.730  3509  3915 D HeadsetService: isScoOrCallActive(): Call Active:falseCall is Ringing:falseSCO is Active:false
12-27 17:50:23.730  3509  3915 D HeadsetService:  isAudioOn: The number of audio connected devices 0
12-27 17:50:23.731  3509  3915 I Avrcp_ext: updatePlayStatusForDevice: device: null
12-27 17:50:23.731  3509  3915 V Avrcp_ext: updatePlaybackState (1): old=PlaybackState {state=2, position=-1, buffered position=0, speed=0.0, updated=8244940, actions=0, custom actions=[], active item id=-1, error=null}(2), new=PlaybackState {state=2, position=-1, buffered position=0, speed=0.0, updated=8284038, actions=0, custom actions=[], active item id=-1, error=null}(2)
12-27 17:50:23.731  3509  3915 I Avrcp_ext: Exit updatePlayStatusForDevice
12-27 17:50:23.731  3509  3915 D HeadsetService:  isAudioOn: The number of audio connected devices 0
12-27 17:50:23.731  1956 20454 W Utils   : track of type 'audio/3gpp' does not publish channel mask, channel count 1
12-27 17:50:23.732  3509  3915 D HeadsetService: isScoOrCallActive(): Call Active:falseCall is Ringing:falseSCO is Active:false
12-27 17:50:23.734  3509  3915 D HeadsetService:  isAudioOn: The number of audio connected devices 0
12-27 17:50:23.734  3509  3915 I Avrcp_ext: updatePlayStatusForDevice: device: null
12-27 17:50:23.735  3509  3915 V Avrcp_ext: updatePlaybackState (1): old=PlaybackState {state=2, position=-1, buffered position=0, speed=0.0, updated=8244940, actions=0, custom actions=[], active item id=-1, error=null}(2), new=PlaybackState {state=2, position=-1, buffered position=0, speed=0.0, updated=8284038, actions=0, custom actions=[], active item id=-1, error=null}(2)
12-27 17:50:23.735  3509  3915 I Avrcp_ext: Exit updatePlayStatusForDevice
12-27 17:50:23.735  3509  3915 D Avrcp_ext: Enter sendPlayPosNotificationRsp
12-27 17:50:23.735  3509  3915 D Avrcp_ext: sendPlayPosNotificationRsp: Not registered or requesting.
12-27 17:50:23.735  3509  3915 D Avrcp_ext: Enter sendPlayPosNotificationRsp
12-27 17:50:23.735  3509  3915 D Avrcp_ext: sendPlayPosNotificationRsp: Not registered or requesting.
12-27 17:50:23.735  3509  3915 V Avrcp_ext: Exit updatePlayerStateAndPosition
12-27 17:50:23.738  1956 20454 W Utils   : track of type 'audio/3gpp' does not publish channel mask, channel count 1
12-27 17:50:23.743   525   525 D SDM     : DisplayBase::BuildLayerStackStats: LayerStack layer_count: 4, app_layer_count: 3, gpu_target_index: 3, display type: 0
12-27 17:50:23.744   515   695 D audio_hw_spkr_prot: audio_extn_fbsp_get_parameters: Speaker protection disabled
12-27 17:50:23.744   515   695 D audio_hw_extn: audio_extn_get_parameters: returns 
12-27 17:50:23.746   553   704 I hash_map_utils: key: 'is_hw_dec_session_available' value: 'audio/3gpp'
12-27 17:50:23.753  1956 20459 I OMXClient: IOmx service obtained
12-27 17:50:23.753  1962  3905 I OMXMaster: makeComponentInstance(OMX.google.amrnb.decoder) in omx@1.0-service process
12-27 17:50:23.756  1962  3905 E OMXNodeInstance: setConfig(0xe9b1dba0:google.amrnb.decoder, ConfigPriority(0x6f800002)) ERROR: Undefined(0x80001001)
12-27 17:50:23.756  1956 20459 I ACodec  : codec does not support config priority (err -2147483648)
12-27 17:50:23.759  1962  3786 E OMXNodeInstance: setConfig(0xe9b1dba0:google.amrnb.decoder, ConfigPriority(0x6f800002)) ERROR: Undefined(0x80001001)
12-27 17:50:23.759  1956 20459 I ACodec  : codec does not support config priority (err -2147483648)
12-27 17:50:23.760  1962  3786 E OMXNodeInstance: getConfig(0xe9b1dba0:google.amrnb.decoder, ConfigAndroidVendorExtension(0x6f100004)) ERROR: Undefined(0x80001001)
12-27 17:50:23.762  1956 20459 W ExtendedACodec: Failed to get extension for extradata parameter
12-27 17:50:23.762  1956 20459 I MediaCodec: MediaCodec will operate in async mode
12-27 17:50:23.768   513   513 W AshmemAllocator: ashmem_create_region(8192) returning hidl_memory(0x759cc1a0f0, 8192)
12-27 17:50:23.771   513   513 I chatty  : uid=1000(system) allocator@1.0-s identical 2 lines
12-27 17:50:23.772   513   513 W AshmemAllocator: ashmem_create_region(8192) returning hidl_memory(0x759cc1a0f0, 8192)
12-27 17:50:23.776   513   513 W AshmemAllocator: ashmem_create_region(320) returning hidl_memory(0x759cc1a0f0, 320)
12-27 17:50:23.778   513   513 I chatty  : uid=1000(system) allocator@1.0-s identical 2 lines
12-27 17:50:23.779   513   513 W AshmemAllocator: ashmem_create_region(320) returning hidl_memory(0x759cc1a0f0, 320)
12-27 17:50:23.786  1956 20458 I ExtendedNuUtils: Both src and dst missing for bit-width
12-27 17:50:23.786  1956 20458 I ExtendedNuUtils: Overriding durationUs: with 64 bit src value 4920000
12-27 17:50:23.786  1956 20458 I ExtendedNuUtils: Both src and dst missing for channel-mask
12-27 17:50:23.787   553   704 D AudioFlinger: Client defaulted notificationFrames to 1333 for frameCount 4000
12-27 17:50:23.790   553   703 D AudioPolicyManagerCustom: NINE checkAndSetVolume stream=3 index=15 delayMs = 0 force = 0
12-27 17:50:23.790   553   703 D AudioPolicyManagerCustom: NINE checkAndSetVolume volumeDb = 0.000000
12-27 17:50:23.790   553   703 D AudioPolicyManagerCustom: NINE checkAndSetVolume before setVolume device=2 stream=3 index=15 delayMs = 0 force = 0
12-27 17:50:23.792   515  1779 D audio_hw_primary: start_output_stream: enter: stream(0xf2aa2000)usecase(1: low-latency-playback) devices(0x2)
12-27 17:50:23.793   540   540 E ANDR-PERF-MPCTL: Request not accepted, as target initialization is not complete.
12-27 17:50:23.793   515  1779 E audio_hw_extn: audio_extn_perf_lock_acquire: Failed to acquire perf lock, err: -1
12-27 17:50:23.793   515  1779 D audio_hw_primary: select_devices for use case (low-latency-playback)
12-27 17:50:23.793   515  1779 D audio_hw_primary: select_devices: out_snd_device(2: speaker) in_snd_device(0: )
12-27 17:50:23.793   515  1779 I msm8916_platform: platform_check_and_set_codec_backend_cfg:becf: afe: bitwidth 16, samplerate 48000 channels 2, backend_idx 0 usecase = 1 device (speaker)
12-27 17:50:23.793   515  1779 D msm8916_platform: platform_split_snd_device: snd_device(2) num devices(1) new_snd_devices(0)
12-27 17:50:23.793   515  1779 I msm8916_platform: platform_check_and_set_codec_backend_cfg: becf: new_snd_devices[0] is speaker
12-27 17:50:23.793   515  1779 I msm8916_platform: platform_check_codec_backend_cfg:becf: afe: Codec selected backend: 0 current bit width: 16 sample rate: 48000 channels: 2 usecase 1 device (speaker)
12-27 17:50:23.793   515  1779 D msm8916_platform: platform_check_codec_backend_cfg:becf: afe: playback on codec device not supporting native playback set default Sample Rate(48k)
12-27 17:50:23.793   515  1779 D msm8916_platform: platform_check_codec_backend_cfg:becf: afe: only 48KHZ sample rate is supported Configure afe to default Sample Rate(48k)
12-27 17:50:23.793   515  1779 I msm8916_platform: platform_check_codec_backend_cfg:becf: afe: Codec selected backend: 0 updated bit width: 16 sample rate: 48000 channels: 2
12-27 17:50:23.793   515  1779 D audio_hw_primary: check_usecases_codec_backend:becf: force routing 0
12-27 17:50:23.793   515  1779 E msm8916_platform: platform_check_backends_match: Invalid snd_device = 
12-27 17:50:23.793   515  1779 D audio_hw_primary: check_usecases_codec_backend:becf: (63) check_usecases curr device: speaker, usecase device: backends match 0
12-27 17:50:23.793   515  1779 D audio_hw_primary: check_usecases_codec_backend:becf: check_usecases num.of Usecases to switch 0
12-27 17:50:23.793   515  1779 D hardware_info: hw_info_append_hw_type : device_name = speaker
12-27 17:50:23.793   515  1779 D msm8916_platform: platform_split_snd_device: snd_device(2) num devices(0) new_snd_devices(0)
12-27 17:50:23.793   515  1779 D audio_hw_primary: enable_snd_device: snd_device(2: speaker)
12-27 17:50:23.793   515  1779 I soundtrigger: audio_extn_sound_trigger_update_device_status: device 0x2 of type 0 for Event 1, with Raise=0
12-27 17:50:23.793   515  1779 D audio_route: Apply path: speaker
12-27 17:50:23.795  1956 20454 D NuPlayerDriver: notifyListener_l(0xea40b300), (6, 0, 0, -1), loop setting(0, 0)
12-27 17:50:23.801   515  1779 E soundtrigger: audio_extn_sound_trigger_update_stream_status: invalid input device 0x0, for event 3
12-27 17:50:23.801   515  1779 D soundtrigger: audio_extn_sound_trigger_update_stream_status: uc_info->id 1 of type 0 for Event 3, with Raise=0
12-27 17:50:23.801   515  1779 D audio_hw_utils: audio_extn_utils_send_app_type_cfg: usecase->out_snd_device speaker
12-27 17:50:23.801   515  1779 D msm8916_platform: platform_split_snd_device: snd_device(2) num devices(0) new_snd_devices(0)
12-27 17:50:23.802   515  1779 E msm8916_platform: platform_get_snd_device_backend_index: BE DAI Name Table is not present
12-27 17:50:23.802   515  1779 E audio_hw_utils: send_app_type_cfg_for_device: Couldn't get the backend index for snd device speaker ret=-14
12-27 17:50:23.802   515  1779 I audio_hw_utils: send_app_type_cfg_for_device PLAYBACK app_type 69937, acdb_dev_id 14, sample_rate 48000, snd_device_be_idx -14
12-27 17:50:23.802   515  1779 D msm8916_platform: platform_split_snd_device: snd_device(2) num devices(1) new_snd_devices(0)
12-27 17:50:23.802   515  1779 D ACDB-LOADER: ACDB -> send_audio_cal, acdb_id = 14, path = 0, app id = 0x11131, sample rate = 48000
12-27 17:50:23.802   515  1779 D ACDB-LOADER: ACDB -> send_asm_topology
12-27 17:50:23.802   515  1779 D ACDB-LOADER: ACDB -> ACDB_CMD_GET_AUDPROC_STREAM_TOPOLOGY_ID
12-27 17:50:23.802   515  1779 D ACDB-LOADER: ACDB -> send_adm_topology
12-27 17:50:23.802   515  1779 D ACDB-LOADER: ACDB -> ACDB_CMD_GET_AUDPROC_COMMON_TOPOLOGY_ID
12-27 17:50:23.802   515  1779 D ACDB-LOADER: ACDB -> send_audtable
12-27 17:50:23.802   515  1779 D ACDB-LOADER: ACDB -> ACDB_CMD_GET_AUDPROC_COMMON_TABLE_SIZE
12-27 17:50:23.802   515  1779 D ACDB-LOADER: ACDB -> ACDB_CMD_GET_AUDPROC_COMMON_TABLE
12-27 17:50:23.803   515  1779 D ACDB-LOADER: ACDB -> AUDIO_SET_AUDPROC_CAL
12-27 17:50:23.803   515  1779 D ACDB-LOADER: ACDB -> send_audvoltable
12-27 17:50:23.803   515  1779 D ACDB-LOADER: ACDB -> ACDB_CMD_GET_AUDPROC_VOL_STEP_TABLE_SIZE
12-27 17:50:23.803   515  1779 D ACDB-LOADER: ACDB -> ACDB_CMD_GET_AUDPROC_GAIN_DEP_STEP_TABLE, vol index 0
12-27 17:50:23.803   515  1779 D ACDB-LOADER: ACDB -> AUDIO_SET_VOL_CAL cal type = 12
12-27 17:50:23.803   515  1779 D ACDB-LOADER: ACDB -> ACDB_CMD_GET_AUDPROC_STREAM_TABLE_SIZE
12-27 17:50:23.803   515  1779 D ACDB-LOADER: ACDB -> send_audstrmtable
12-27 17:50:23.803   515  1779 D ACDB-LOADER: ACDB -> ACDB_CMD_GET_AUDPROC_STREAM_TABLE_V2
12-27 17:50:23.803   515  1779 D ACDB-LOADER: ACDB -> audstrm_cal->cal_type.cal_data.cal_size = 16
12-27 17:50:23.803   515  1779 D ACDB-LOADER: ACDB -> send_afe_topology
12-27 17:50:23.803   515  1779 D ACDB-LOADER: ACDB -> ACDB_CMD_GET_AFE_TOPOLOGY_ID
12-27 17:50:23.803   515  1779 D ACDB-LOADER: ACDB -> GET_AFE_TOPOLOGY_ID for adcd_id 14, Topology Id 1025e
12-27 17:50:23.803   515  1779 D ACDB-LOADER: ACDB -> send_afe_cal
12-27 17:50:23.803   515  1779 D ACDB-LOADER: ACDB -> ACDB_CMD_GET_AFE_COMMON_TABLE_SIZE
12-27 17:50:23.803   515  1779 D ACDB-LOADER: ACDB -> ACDB_CMD_GET_AFE_COMMON_TABLE
12-27 17:50:23.803   515  1779 D ACDB-LOADER: ACDB -> AUDIO_SET_AFE_CAL
12-27 17:50:23.803   515  1779 D ACDB-LOADER: ACDB -> send_hw_delay : acdb_id = 14 path = 0
12-27 17:50:23.803   515  1779 D ACDB-LOADER: ACDB -> ACDB_AVSYNC_INFO: ACDB_CMD_GET_DEVICE_PROPERTY
12-27 17:50:23.803   515  1779 D audio_hw_primary: enable_audio_route: apply mixer and update path: low-latency-playback
12-27 17:50:23.803   515  1779 D audio_route: Apply path: low-latency-playback
12-27 17:50:23.805   515  1779 D audio_hw_primary: select_devices: done
12-27 17:50:23.826   525   525 D SDM     : DisplayBase::BuildLayerStackStats: LayerStack layer_count: 4, app_layer_count: 3, gpu_target_index: 3, display type: 0
12-27 17:50:23.938   515  1779 D msm8916_platform: platform_set_channel_map mixer_ctl_name:Playback Channel Map12
12-27 17:50:23.938   515  1779 D msm8916_platform: platform_set_channel_map: set mapping(1 2 0 0 0 0 0 0) for channel:2
12-27 17:50:23.939   515  1779 E audio_hw_extn: audio_extn_perf_lock_release: Perf lock release error 
12-27 17:50:23.939   515  1779 D audio_hw_primary: start_output_stream: exit
12-27 17:50:24.075  1956 20454 D NuPlayerDriver: notifyListener_l(0xea40b300), (211, 0, 0, 20), loop setting(0, 0)
12-27 17:50:26.447  1956 20454 I chatty  : uid=1013(media) NuPlayerDriver identical 2 lines
12-27 17:50:26.712  1956 20454 D NuPlayerDriver: notifyListener_l(0xea40b300), (211, 0, 0, 20), loop setting(0, 0)
12-27 17:50:28.317  1956 20458 I NuPlayerDecoder: [audio] saw output EOS
12-27 17:50:28.566  1956 20457 D AudioTrack: stop() called with 39360 frames delivered
12-27 17:50:28.726  1956  7874 D NuPlayerDriver: stop(0xea40b300)
12-27 17:50:28.726  1956  7874 D NuPlayerDriver: notifyListener_l(0xea40b300), (8, 0, 0, -1), loop setting(0, 0)
12-27 17:50:28.727  1956 20454 D NuPlayerDriver: notifyListener_l(0xea40b300), (211, 0, 0, 20), loop setting(0, 0)
12-27 17:50:28.728  3509  3915 D Avrcp_ext: AudioManager Player: ID:71 -- type:android.media.SoundPool -- u/pid:10004/3526 -- state:idle -- attr:AudioAttributes: usage=USAGE_ASSISTANCE_SONIFICATION content=CONTENT_TYPE_SONIFICATION flags=0x0 tags= bundle=null
12-27 17:50:28.728  3509  3915 D Avrcp_ext: AudioManager Player: ID:119 -- type:android.media.MediaPlayer -- u/pid:10004/3526 -- state:stopped -- attr:AudioAttributes: usage=USAGE_ASSISTANCE_SONIFICATION content=CONTENT_TYPE_SONIFICATION flags=0x0 tags= bundle=null
12-27 17:50:28.728  3509  3915 D Avrcp_ext: AudioManager Player: ID:151 -- type:android.media.MediaPlayer -- u/pid:10004/3526 -- state:stopped -- attr:AudioAttributes: usage=USAGE_NOTIFICATION content=CONTENT_TYPE_SONIFICATION flags=0x0 tags= bundle=null
12-27 17:50:28.729  3509  3915 D Avrcp_ext: AudioManager Player: ID:183 -- type:android.media.MediaPlayer -- u/pid:10004/3526 -- state:stopped -- attr:AudioAttributes: usage=USAGE_ASSISTANCE_SONIFICATION content=CONTENT_TYPE_SONIFICATION flags=0x0 tags= bundle=null
12-27 17:50:28.729  3509  3915 D Avrcp_ext: AudioManager Player: ID:263 -- type:android.media.MediaPlayer -- u/pid:1000/20202 -- state:stopped -- attr:AudioAttributes: usage=USAGE_UNKNOWN content=CONTENT_TYPE_UNKNOWN flags=0x0 tags= bundle=null
12-27 17:50:28.729  3509  3915 D Avrcp_ext: AudioManager Player: ID:63 -- type:android.media.SoundPool -- u/pid:1000/2688 -- state:idle -- attr:AudioAttributes: usage=USAGE_ASSISTANCE_SONIFICATION content=CONTENT_TYPE_SONIFICATION flags=0x0 tags= bundle=null
12-27 17:50:28.729 20202 20202 V MediaPlayer: resetDrmState:  mDrmInfo=null mDrmProvisioningThread=null mPrepareDrmInProgress=false mActiveDrmScheme=false
12-27 17:50:28.729 20202 20202 V MediaPlayer: cleanDrmObj: mDrmObj=null mDrmSessionId=null
12-27 17:50:28.729  3509  3915 D Avrcp_ext: AudioManager Player: ID:79 -- type:android.media.SoundPool -- u/pid:1027/4344 -- state:idle -- attr:AudioAttributes: usage=USAGE_NOTIFICATION content=CONTENT_TYPE_SONIFICATION flags=0x0 tags= bundle=null
12-27 17:50:28.729  3509  3915 D Avrcp_ext: AudioManager isPlaying: false
12-27 17:50:28.729  3509  3915 V Avrcp_ext: updateCurrentMediaState: mMediaController: null
12-27 17:50:28.729  1956  7874 D NuPlayerDriver: reset(0xea40b300) at state 8
12-27 17:50:28.729  3509  3915 V Avrcp_ext: isMusicActive: true getBluetoothPlayState: 2
12-27 17:50:28.730  3509  3915 V Avrcp_ext: updateCurrentMediaState: isPlaying = false
12-27 17:50:28.730  3509  3915 V Avrcp_ext: updateCurrentMediaState: mMediaController or getPlaybackState() null
12-27 17:50:28.730  3509  3915 V Avrcp_ext: Media update: id -1➡-1? [MediaAttributes: none] : [MediaAttributes: none]
12-27 17:50:28.730  3509  3915 V Avrcp_ext: newPlayStatus:2mReportedPlayStatus:-1
12-27 17:50:28.730  3509  3915 V Avrcp_ext: updatePlaybackState, state: PlaybackState {state=2, position=-1, buffered position=0, speed=0.0, updated=8289040, actions=0, custom actions=[], active item id=-1, error=null} device: null
12-27 17:50:28.730  3509  3915 V Avrcp_ext: Device: no name: 
12-27 17:50:28.730  3509  3915 V Avrcp_ext: Device: no name: 
12-27 17:50:28.730  3509  3915 V Avrcp_ext: updatePlayerStateAndPosition, old=PlaybackState {state=2, position=-1, buffered position=0, speed=0.0, updated=8284038, actions=0, custom actions=[], active item id=-1, error=null}, state=PlaybackState {state=2, position=-1, buffered position=0, speed=0.0, updated=8289040, actions=0, custom actions=[], active item id=-1, error=null}
12-27 17:50:28.730  3509  3915 V Avrcp_ext: old state = PlaybackState {state=2, position=-1, buffered position=0, speed=0.0, updated=8284038, actions=0, custom actions=[], active item id=-1, error=null}, new state= PlaybackState {state=2, position=-1, buffered position=0, speed=0.0, updated=8289040, actions=0, custom actions=[], active item id=-1, error=null}
12-27 17:50:28.730  3509  3915 D HeadsetService: getHeadsetService(): returning com.android.bluetooth.hfp.HeadsetService@49b3129
12-27 17:50:28.731  1956 20454 D NuPlayerDriver: notifyListener_l(0xea40b300), (211, 0, 0, 20), loop setting(0, 0)
12-27 17:50:28.732  3509  3915 D HeadsetService:  isAudioOn: The number of audio connected devices 0
12-27 17:50:28.732  3509  3915 D HeadsetService: isScoOrCallActive(): Call Active:falseCall is Ringing:falseSCO is Active:false
12-27 17:50:28.734  3509  3915 D HeadsetService:  isAudioOn: The number of audio connected devices 0
12-27 17:50:28.736  3509  3915 I Avrcp_ext: updatePlayStatusForDevice: device: null
12-27 17:50:28.736  3509  3915 V Avrcp_ext: updatePlaybackState (1): old=PlaybackState {state=2, position=-1, buffered position=0, speed=0.0, updated=8284038, actions=0, custom actions=[], active item id=-1, error=null}(2), new=PlaybackState {state=2, position=-1, buffered position=0, speed=0.0, updated=8289040, actions=0, custom actions=[], active item id=-1, error=null}(2)
12-27 17:50:28.736  3509  3915 I Avrcp_ext: Exit updatePlayStatusForDevice
12-27 17:50:28.738  3509  3915 D HeadsetService:  isAudioOn: The number of audio connected devices 0
12-27 17:50:28.739  3509  3915 D HeadsetService: isScoOrCallActive(): Call Active:falseCall is Ringing:falseSCO is Active:false
12-27 17:50:28.740  3509  3915 D HeadsetService:  isAudioOn: The number of audio connected devices 0
