01-03 04:26:00.704   761   795 E Sensors : mag_cal.c(1609):mag_cal_sam_init: Unknown UUID(1) c2da8a73-7168-46bc
01-03 04:26:00.705   761   795 E Sensors : mag_cal.c(1614):mag_cal_sam_init: Unknown UUID(2) ac8d-a4d35812d98d
01-03 04:26:00.705   761   795 E Sensors : sns_sam.c(4433):Failed to register algorithm service 16 with SAM 01-03 04:26:01.658   636   636 I mm-camera: module_sensor_init:6270Sensor driver Version: 2.7.0
01-03 04:26:01.658   636   636 I mm-camera: module_sensor_init:6271Sensor SDK capabilities: Bayer,YUV and mono sensor,        short and long exposure-gain control,         in-sensor VHDR with AE stats, PDAF with Phase difference         or PD Pixel stats, HAL3, support common apis for gain calculation,         filling integration time, fll and gain, and PDAF HW stats parsing
01-03 04:26:02.839   761   869 E Sensors : sns_smr_util.c(106):Unable to initialize service 309 with QCCI, timed out (2000 ms)
01-03 04:26:02.839   761   869 E Sensors : sns_acm_mr.c(516):Error getting info for service 53
01-03 04:26:02.847   761   870 E Sensors : sns_smr_util.c(106):Unable to initialize service 310 with QCCI, timed out (2000 ms)
01-03 04:26:02.847   761   873 E Sensors : sns_smr_util.c(106):Unable to initialize service 313 with QCCI, timed out (2000 ms)
01-03 04:26:02.848   761   870 E Sensors : sns_acm_mr.c(516):Error getting info for service 54
01-03 04:26:02.848   761   873 E Sensors : sns_acm_mr.c(516):Error getting info for service 57
01-03 04:26:02.850   761   864 E Sensors : sns_smr_util.c(106):Unable to initialize service 304 with QCCI, timed out (2000 ms)
01-03 04:26:02.850   761   864 E Sensors : sns_acm_mr.c(516):Error getting info for service 48
01-03 04:26:02.851   761   867 E Sensors : sns_smr_util.c(106):Unable to initialize service 307 with QCCI, timed out (2000 ms)
01-03 04:26:02.851   761   867 E Sensors : sns_acm_mr.c(516):Error getting info for service 51
01-03 04:26:02.852   761   848 E Sensors : sns_smr_util.c(106):Unable to initialize service 288 with QCCI, timed out (2000 ms)
01-03 04:26:02.852   761   872 E Sensors : sns_smr_util.c(106):Unable to initialize service 312 with QCCI, timed out (2000 ms)
01-03 04:26:02.852   761   872 E Sensors : sns_acm_mr.c(516):Error getting info for service 56
01-03 04:26:02.852   761   848 E Sensors : sns_acm_mr.c(516):Error getting info for service 32
01-03 04:26:02.854   761   871 E Sensors : sns_smr_util.c(106):Unable to initialize service 311 with QCCI, timed out (2000 ms)
01-03 04:26:02.855   761   871 E Sensors : sns_acm_mr.c(516):Error getting info for service 55
01-03 04:26:02.860   761  1444 E Sensors : sns_debug_main.c(544):Debug Config File missing in EFS!
01-03 04:26:06.539   636  2433 I mm-camera: sensor_set_mode:1957Sensor Mode ID: 0
01-03 04:26:06.903   636  2433 I mm-camera-sensor: sensor_thread_func:155sensor_thread_func:Sensor thread is exiting
01-03 04:26:06.977   636  2514 I mm-camera: sensor_set_mode:1957Sensor Mode ID: 0
01-03 04:26:07.392   636  2514 I mm-camera-sensor: sensor_thread_func:155sensor_thread_func:Sensor thread is exiting
01-03 04:26:10.011   615   615 E         : invalid apk path '/system/vendor/app/QSensorTest' (bad prefix)
01-03 04:26:11.201  2359  2359 D SensorService: nuSensorService starting...
01-03 04:26:11.243  2359  2359 W qti_sensors_hal: addSensor : Not supported sensor with handle 64!
01-03 04:26:11.261  2359  2359 W qti_sensors_hal: addSensor : Not supported sensor with handle 36!
01-03 04:26:11.261  2359  2359 W qti_sensors_hal: addSensor : Not supported sensor with handle 37!
01-03 04:26:11.277  2359  2359 W qti_sensors_hal: addSensor : Not supported sensor with handle 65!
01-03 04:26:11.291  2359  2359 E Sensors : Sensors -> sensors_poll_context_t()
01-03 04:26:11.292  2359  2359 E Sensors : NativeSensorManager -> NativeSensorManager()
01-03 04:26:11.292  2359  2359 E Sensors : NativeSensorManager -> getDataInfo()
01-03 04:26:11.292  2359  2359 E Sensors : NativeSensorManager -> getSensorListInner()
01-03 04:26:11.292  2359  2359 E Sensors : NativeSensorManager -> getNode()
01-03 04:26:11.293  2359  2359 E Sensors : NativeSensorManager -> getNode()
01-03 04:26:11.293  2359  2359 E Sensors : NativeSensorManager -> getNode()
01-03 04:26:11.294  2359  2359 E Sensors : NativeSensorManager -> getNode()
01-03 04:26:11.294  2359  2359 E Sensors : NativeSensorManager -> getNode()
01-03 04:26:11.294  2359  2359 E Sensors : NativeSensorManager -> getNode()
01-03 04:26:11.294  2359  2359 E Sensors : NativeSensorManager -> getNode()
01-03 04:26:11.295  2359  2359 E Sensors : NativeSensorManager -> getNode()
01-03 04:26:11.295  2359  2359 E Sensors : NativeSensorManager -> getNode()
01-03 04:26:11.295  2359  2359 E Sensors : NativeSensorManager -> getNode()
01-03 04:26:11.296  2359  2359 E Sensors : NativeSensorManager -> getNode()
01-03 04:26:11.296  2359  2359 E Sensors : NativeSensorManager -> getNode()
01-03 04:26:11.296  2359  2359 E Sensors : NativeSensorManager -> getEventPath()
01-03 04:26:11.297  2359  2359 E Sensors : 
01-03 04:26:11.297  2359  2359 E Sensors : ==========================Notice=================================
01-03 04:26:11.297  2359  2359 E Sensors : sensors_classdev /sys/class/sensors/virtual-proximity/device need to register as the child of input device
01-03 04:26:11.297  2359  2359 E Sensors : in order to speed up Android sensor service initialization time
01-03 04:26:11.297  2359  2359 E Sensors : Please update your sensor driver.
01-03 04:26:11.297  2359  2359 E Sensors : ================================================================
01-03 04:26:11.297  2359  2359 E Sensors : 
01-03 04:26:11.298  2359  2359 E Sensors : NativeSensorManager -> getEventPathOld()
01-03 04:26:13.207  2359  2359 I Sensors : Found calibration library:libcalmodule_common.so
01-03 04:26:13.210  2359  2359 I Sensors : Found calibration library:libcalmodule_gyroscope.so
01-03 04:26:13.210  2359  2359 E Sensors : module libcalmodule_gyroscope.so doesn't exist(No such file or directory)
01-03 04:26:13.210  2359  2359 I Sensors : Found calibration library:libcalmodule_qti_algo.so
01-03 04:26:13.211  2359  2359 E Sensors : module libcalmodule_qti_algo.so doesn't exist(No such file or directory)
01-03 04:26:13.211  2359  2359 I Sensors : algo_count:5
01-03 04:26:13.211  2359  2359 I Sensors : 
01-03 04:26:13.211  2359  2359 I Sensors : tag:1952539507 version:1   type:2
01-03 04:26:13.211  2359  2359 I Sensors : compatible:compass
01-03 04:26:13.211  2359  2359 I Sensors : 
01-03 04:26:13.211  2359  2359 I Sensors : tag:1952539507 version:1   type:3
01-03 04:26:13.211  2359  2359 I Sensors : compatible:orientation
01-03 04:26:13.211  2359  2359 I Sensors : 
01-03 04:26:13.211  2359  2359 I Sensors : tag:1952539507 version:1   type:11
01-03 04:26:13.212  2359  2359 I Sensors : compatible:rotation_vector
01-03 04:26:13.212  2359  2359 I Sensors : 
01-03 04:26:13.212  2359  2359 I Sensors : tag:1952539507 version:1   type:14
01-03 04:26:13.212  2359  2359 I Sensors : compatible:magnetic_field_uncalibrated
01-03 04:26:13.212  2359  2359 I Sensors : 
01-03 04:26:13.212  2359  2359 I Sensors : tag:1952539507 version:1   type:65537
01-03 04:26:13.212  2359  2359 I Sensors : compatible:ltr553-pocket
01-03 04:26:13.212  2359  2359 I Sensors : compatible:ap3426-pocket
01-03 04:26:13.212  2359  2359 I Sensors : compatible:oem-pocket
01-03 04:26:13.212  2359  2359 E Sensors : InputEventCircularReader -> InputEventCircularReader()
01-03 04:26:13.213  2359  2359 E Sensors : ProximitySensor(xx) input_sysfs_path=/sys/class/sensors/virtual-proximity/
01-03 04:26:13.213  2359  2359 E Sensors : NativeSensorManager -> initCalibrate()
01-03 04:26:13.213  2359  2359 E Sensors : file /persist/sensors/sensors_calibration_params.xml can't read
01-03 04:26:13.213  2359  2359 E Sensors : read virtual-proximity calibrate params error
01-03 04:26:13.213  2359  2359 E Sensors : NativeSensorManager -> dump()
01-03 04:26:13.213  2359  2359 I Sensors : 
01-03 04:26:13.213  2359  2359 I Sensors : name:virtual-proximity
01-03 04:26:13.213  2359  2359 I Sensors : type:8
01-03 04:26:13.213  2359  2359 I Sensors : handle:1
01-03 04:26:13.213  2359  2359 I Sensors : data_fd=79
01-03 04:26:13.213  2359  2359 I Sensors : is_virtual=0
01-03 04:26:13.214  2359  2359 I Sensors : data_path=/dev/input/event2
01-03 04:26:13.214  2359  2359 I Sensors : enable_path=/sys/class/sensors/virtual-proximity/
01-03 04:26:13.214  2359  2359 I Sensors : delay_ns:0
01-03 04:26:13.214  2359  2359 I Sensors : enable=0
01-03 04:26:13.214  2359  2359 I Sensors : minDelay=0 maxDelay=10000000 flags=2
01-03 04:26:13.214  2359  2359 I Sensors : Listener:
01-03 04:26:13.214  2359  2359 I Sensors : Dependency:
01-03 04:26:13.214  2359  2359 I Sensors : name:virtual-proximity handle:1
01-03 04:26:13.214  2359  2359 I Sensors : 
01-03 04:26:13.214  2359  2359 I Sensors : The avaliable sensor handle number is 1
01-03 04:26:13.215  2359  2359 E Sensors : Sensors -> open_sensors()
01-03 04:26:13.215  2359  2359 I Sensors : Sensors device API version 1.3 supported
01-03 04:26:13.215  2359  2726 E Sensors : Sensors -> poll__poll()
01-03 04:26:13.215  2359  2726 E Sensors : Sensors -> pollEvents()
01-03 04:26:13.216  2359  2726 E Sensors : NativeSensorManager -> hasPendingEvents()
01-03 04:26:13.221  2359  2359 E Sensors : Sensors -> sensors__get_sensors_list()
01-03 04:26:13.221  2359  2359 E Sensors : Sensors -> sensors__get_sensors_list()
01-03 04:26:13.222  2359  2359 E Sensors : Sensors -> poll__activate()
01-03 04:26:13.222  2359  2359 D Sensors : activate called handle:1 enable:0
01-03 04:26:13.222  2359  2359 E Sensors : NativeSensorManager -> activate()
01-03 04:26:13.222  2359  2359 D Sensors : virtual-proximity calling driver disable
01-03 04:26:13.223  2359  2359 E         : Sensor maxDelay overflow error Step Counter 3640888832
01-03 04:26:13.224  2359  2359 E         : Sensor maxDelay overflow error Step Counter -Wakeup Secondary 3640888832
01-03 04:26:13.224  2359  2359 E         : Sensor maxDelay overflow error AMD 9223372036854775807
01-03 04:26:13.224  2359  2359 E         : Sensor maxDelay overflow error RMD 9223372036854775807
01-03 04:26:13.224  2359  2359 E         : Sensor maxDelay overflow error Basic Gestures 9223372036854775807
01-03 04:26:13.224  2359  2359 E         : Sensor maxDelay overflow error Facing 9223372036854775807
01-03 04:26:13.224  2359  2359 E         : Sensor maxDelay overflow error Pedometer 3640888832
01-03 04:26:13.225  2359  2359 E         : Sensor maxDelay overflow error Coarse Motion Classifier 9223372036854775807
01-03 04:26:13.226  2359  2727 D SensorService: new thread SensorEventAckReceiver
01-03 04:26:13.227  2359  2728 D SensorService: nuSensorService thread starting...
01-03 04:26:14.710  2359  2359 I SystemServiceManager: Starting com.android.server.SensorNotificationService
01-03 04:26:15.995  2359  2359 D SensorNotificationService: Cannot obtain dynamic meta sensor, not supported.
01-03 04:26:17.748   636  3211 I mm-camera: sensor_set_mode:1957Sensor Mode ID: 0
01-03 04:26:17.878   636  3211 I mm-camera-sensor: sensor_thread_func:155sensor_thread_func:Sensor thread is exiting
01-03 04:26:18.051   636  3316 I mm-camera: sensor_set_mode:1957Sensor Mode ID: 0
01-03 04:26:18.372   636  3316 I mm-camera-sensor: sensor_thread_func:155sensor_thread_func:Sensor thread is exiting
01-03 04:26:20.800  2359  3147 E SensorService: Real Proxi Sensorservice Enable!!
01-03 04:26:20.859  2359  2728 E SensorService: SensorService in loop SensorEventHandle[0]=6, mProximityStatus=0
01-03 04:26:20.859  2359  2728 E SensorService: SensorService in loop Proximity sensor value: 5.000305
01-03 04:26:20.860  2359  2728 E SensorService: SensorService in loop mProximitySensorHandle=6, mVirtualProximitySensorHandle=40
01-03 04:26:22.232  3747  3747 V NetworkHelper: registerNetworkSensor
01-03 04:26:28.206   494  4373 D PPDaemon: int getNativeLightSensor(ALS**, uint32_t): Loaded libmm-als.so for client 0 ref cnt = 1
01-03 04:26:31.420  2359  3737 E SensorService: Real Proxi Sensorservice Disable!!



############  1.开启MMITest中的virtual Proximity Sensor测试 ###################
01-02 14:01:04.633  2313  3932 E SensorService: Real Proxi Sensorservice Enable!!
01-02 14:01:04.695  2313  2707 E Sensors : Sensors -> poll__batch()
01-02 14:01:04.696  2313  2707 E Sensors : Sensors -> batch()
01-02 14:01:04.696  2313  2707 E Sensors : NativeSensorManager -> batch()
01-02 14:01:04.696  2313  2707 D Sensors : batch called handle:1 sample_ns:200000000 latency_ns:0
01-02 14:01:04.696  2313  2707 E Sensors : NativeSensorManager -> syncDelay()
01-02 14:01:04.696  2313  2707 E Sensors : NativeSensorManager -> syncLatency()
01-02 14:01:04.697  2313  2707 E Sensors : Sensors -> poll__activate()
01-02 14:01:04.697  2313  2707 D Sensors : activate called handle:1 enable:1  //允许ProximitySensor
01-02 14:01:04.697  2313  2707 E Sensors : NativeSensorManager -> activate()
01-02 14:01:04.697  2313  2707 E Sensors : NativeSensorManager -> registerListener()
01-02 14:01:04.697  2313  2707 E Sensors : NativeSensorManager -> syncDelay()
01-02 14:01:04.697  2313  2707 D Sensors : virtual-proximity calling driver setDelay 200 ms
01-02 14:01:04.698  2313  2707 E Sensors : ProximitySensor -> setdelay() input_sysfs_path=/sys/class/sensors/virtual-proximity/poll_delay delay_buf=200
01-02 14:01:04.709  2313  2707 E Sensors : write 200 failed
01-02 14:01:04.709  2313  2707 E Sensors : NativeSensorManager -> syncLatency()
01-02 14:01:04.709  2313  2707 D Sensors : virtual-proximity calling driver enable
01-02 14:01:04.710  2313  2707 E Sensors : ProximitySensor enable() input_sysfs_path=/sys/class/sensors/virtual-proximity/enable enable=1
01-02 14:01:04.898  2313  2707 E Sensors : Sensors -> activate()
01-02 14:01:04.899  2313  2705 E Sensors : NativeSensorManager -> hasPendingEvents()
01-02 14:01:04.899  2313  2707 E SensorService: SensorService in loop enable virtual PSensor!! //framework层


############################## 2.靠近虚拟距离传感器 #######################
01-02 14:01:07.286  2313  2705 E Sensors : NativeSensorManager -> readEvents()
01-02 14:01:07.287  2313  2705 E Sensors : ProximitySensor readEvents()
01-02 14:01:07.287  2313  2705 E Sensors : InputEventCircularReader -> fill()
01-02 14:01:07.287  2313  2705 E Sensors : InputEventCircularReader -> readEvent()
01-02 14:01:07.288  2313  2705 E Sensors : InputEventCircularReader -> next()
01-02 14:01:07.288  2313  2705 E Sensors : InputEventCircularReader -> readEvent()
01-02 14:01:07.288  2313  2705 E Sensors : InputEventCircularReader -> next()
01-02 14:01:07.288  2313  2705 E Sensors : InputEventCircularReader -> readEvent()

# native层中显示读取的数据,和hal没关系
01-02 14:01:07.289  2313  2707 E SensorService: SensorService in loop SensorEventHandle[0]=40, mProximityStatus=1
01-02 14:01:07.289  2313  2707 E SensorService: SensorService in loop Proximity sensor value: 0.000000
01-02 14:01:07.289  2313  2707 E SensorService: SensorService in loop mProximitySensorHandle=6, mVirtualProximitySensorHandle=40
01-02 14:01:07.290  6284  6284 I SensorManager: Trigger dispatchSensorEvent forward to real handle success!!
# 以上native层中显示读取的数据,和hal没关系

01-02 14:01:07.291  2313  2705 E Sensors : Sensors -> poll__poll()
01-02 14:01:07.292  2313  2705 E Sensors : Sensors -> pollEvents()
01-02 14:01:07.292  2313  2705 E Sensors : NativeSensorManager -> hasPendingEvents()



##################### 3.远离虚拟距离传感器  ######################################3
01-02 14:01:09.702  2313  2705 E Sensors : NativeSensorManager -> readEvents()
01-02 14:01:09.703  2313  2705 E Sensors : ProximitySensor readEvents()
01-02 14:01:09.703  2313  2705 E Sensors : InputEventCircularReader -> fill()
01-02 14:01:09.703  2313  2705 E Sensors : InputEventCircularReader -> readEvent()
01-02 14:01:09.704  2313  2705 E Sensors : InputEventCircularReader -> next()
01-02 14:01:09.704  2313  2705 E Sensors : InputEventCircularReader -> readEvent()
01-02 14:01:09.704  2313  2705 E Sensors : InputEventCircularReader -> next()
01-02 14:01:09.704  2313  2705 E Sensors : InputEventCircularReader -> readEvent()

# 以下native层中显示读取的数据,和hal没关系
01-02 14:01:09.705  2313  2707 E SensorService: SensorService in loop SensorEventHandle[0]=40, mProximityStatus=1
01-02 14:01:09.705  2313  2707 E SensorService: SensorService in loop Proximity sensor value: 5.000000
01-02 14:01:09.705  2313  2707 E SensorService: SensorService in loop mProximitySensorHandle=6, mVirtualProximitySensorHandle=40
01-02 14:01:09.706  6284  6284 I SensorManager: Trigger dispatchSensorEvent forward to real handle success!!
# 以上native层中显示读取的数据,和hal没关系

01-02 14:01:09.706  2313  2705 E Sensors : Sensors -> poll__poll()
01-02 14:01:09.706  2313  2705 E Sensors : Sensors -> pollEvents()
01-02 14:01:09.707  2313  2705 E Sensors : NativeSensorManager -> hasPendingEvents()



##################  4.关闭MMITest中的virtual Proximity Sensor测试 ##########################
# 以下native层中显示读取的数据,和hal没关系
01-02 14:01:15.316  2313  3143 E SensorService: Virtual Proxi Sensorservice Disable!!//
# 以上native层中显示读取的数据,和hal没关系

01-02 14:01:15.317  2313  3143 E Sensors : Sensors -> poll__activate()
01-02 14:01:15.317  2313  3143 D Sensors : activate called handle:1 enable:0
01-02 14:01:15.317  2313  3143 E Sensors : NativeSensorManager -> activate()
01-02 14:01:15.317  2313  3143 E Sensors : NativeSensorManager -> unregisterListener()
01-02 14:01:15.318  2313  3143 E Sensors : NativeSensorManager -> syncDelay()
01-02 14:01:15.318  2313  3143 E Sensors : NativeSensorManager -> syncLatency()
01-02 14:01:15.318  2313  3143 D Sensors : virtual-proximity calling driver disable
01-02 14:01:15.319  2313  3143 E Sensors : ProximitySensor enable() input_sysfs_path=/sys/class/sensors/virtual-proximity/enable enable=0
01-02 14:01:15.528  2313  4004 E SensorManager: android_hardware_proximitySensor in
01-02 14:01:15.529  2313  4004 E SensorService: zhuang SensorService this mProximityStatus =0

