<html>
<body>
<pre>
<h1>礦ision Build Log</h1>
<h2>Project:</h2>
C:\Users\Jason\Desktop\asm code\demo2 MOV MVN 指令使用及第二操作数的理解\demo2.uvproj
Project File Date:  08/18/2015

<h2>Output:</h2>
Build target 'Target 1'
assembling start.s...
linking...
Program Size: Code=20 RO-data=0 RW-data=0 ZI-data=0  
"demo2.axf" - 0 Error(s), 0 Warning(s).
Build target 'Target 1'
assembling start.s...
linking...
Program Size: Code=20 RO-data=0 RW-data=0 ZI-data=0  
"demo2.axf" - 0 Error(s), 0 Warning(s).
Build target 'Target 1'
assembling start.s...
linking...
Program Size: Code=24 RO-data=0 RW-data=0 ZI-data=0  
"demo2.axf" - 0 Error(s), 0 Warning(s).
Build target 'Target 1'
assembling start.s...
linking...
Program Size: Code=24 RO-data=0 RW-data=0 ZI-data=0  
"demo2.axf" - 0 Error(s), 0 Warning(s).
Build target 'Target 1'
assembling start.s...
linking...
Program Size: Code=28 RO-data=0 RW-data=0 ZI-data=0  
"demo2.axf" - 0 Error(s), 0 Warning(s).
Build target 'Target 1'
assembling start.s...
linking...
Program Size: Code=32 RO-data=0 RW-data=0 ZI-data=0  
"demo2.axf" - 0 Error(s), 0 Warning(s).
Build target 'Target 1'
assembling start.s...
linking...
Program Size: Code=60 RO-data=0 RW-data=0 ZI-data=0  
"demo2.axf" - 0 Error(s), 0 Warning(s).
Build target 'Target 1'
assembling start.s...
linking...
Program Size: Code=60 RO-data=0 RW-data=0 ZI-data=0  
"demo2.axf" - 0 Error(s), 0 Warning(s).
Build target 'Target 1'
assembling start.s...
linking...
Program Size: Code=68 RO-data=0 RW-data=0 ZI-data=0  
"demo2.axf" - 0 Error(s), 0 Warning(s).
Build target 'Target 1'
assembling start.s...
linking...
Program Size: Code=84 RO-data=0 RW-data=0 ZI-data=0  
"demo2.axf" - 0 Error(s), 0 Warning(s).
Build target 'Target 1'
assembling start.s...
start.s(28): error: A1482E: Shift option out of range, allowable values are from 0 to 31
start.s:    28 00000024  mov r1, r0, lsl #32
start.s: 1 Error, 0 Warnings
Target not created
Build target 'Target 1'
assembling start.s...
linking...
Program Size: Code=92 RO-data=0 RW-data=0 ZI-data=0  
"demo2.axf" - 0 Error(s), 0 Warning(s).
Build target 'Target 1'
assembling start.s...
linking...
Program Size: Code=120 RO-data=0 RW-data=0 ZI-data=0  
"demo2.axf" - 0 Error(s), 0 Warning(s).
Build target 'Target 1'
assembling start.s...
linking...
Program Size: Code=128 RO-data=0 RW-data=0 ZI-data=0  
"demo2.axf" - 0 Error(s), 0 Warning(s).
Build target 'Target 1'
assembling start.s...
linking...
Program Size: Code=128 RO-data=0 RW-data=0 ZI-data=0  
"demo2.axf" - 0 Error(s), 0 Warning(s).
